
POD FACTORY · ciclo diario 2026-09-27 [LIVE]

POD FACTORY · ola MidJourney  [LIVE]  tienda 29068711
catálogo 215 · publicados 3 · pendientes 212 · esta ola 3

  blueprint 282 → "Matte Vertical Posters" ✓

→ mjx-0008 2048x2048 square      creando… ✓ 6ab8e8c30ec1eb9d2c08387b · 46 var · US$9.94–67.88
publicando… ⏳ sin handle todavía — queda pendiente para el próximo run
→ mjx-0009 2048x2048 square      creando… ✓ 6ab8e98200c79df9a307af89 · 46 var · US$9.94–67.88
publicando… ✓ https://fcqevq-jr.myshopify.com/products/dark-mono-sacred-geometry-wall-decor-poster-sacred-geometry-meditative-matte-wall-art
→ mjx-0012 2048x2048 square      creando… ✓ 6ab8e9d2580577e1990ba6db · 46 var · US$9.94–67.88
publicando… ✓ https://fcqevq-jr.myshopify.com/products/cosmic-cosmic-energy-being-poster-surreal-sci-fi-cosmic-matte-wall-art

OLA LISTA · 3 creados · 2 publicados · 0 fallos · quedan 210.
  mjx-0009 https://fcqevq-jr.myshopify.com/products/dark-mono-sacred-geometry-wall-decor-poster-sacred-geometry-meditative-matte-wall-art
  mjx-0012 https://fcqevq-jr.myshopify.com/products/cosmic-cosmic-energy-being-poster-surreal-sci-fi-cosmic-matte-wall-art

· mjx-0008 bloqueado por Printify (sincronizando) — queda para la próxima corrida
· mjx-0009 bloqueado por Printify (sincronizando) — queda para la próxima corrida
· mjx-0012 bloqueado por Printify (sincronizando) — queda para la próxima corrida
formatos: 3 ya correctos · 0 arreglados · 3 bloqueados · 0 fallos

daily 2026-09-27 — tope 15
leads en base 9 · candidatos nuevos con email 0
  ! 1 producto(s) sin URL publicada: mjx-0008 — no se ofrecen.
encolados ahora 0 · total en la cola de hoy 0 · saltados 1
  · saltado: Hotel Punta Brava — sin email: LeadHunter no trajo correo

→ out/outreach-2026-09-27.json
→ out/outreach-2026-09-27.md   (revisar antes de mandar nada)

Nada fue enviado. Eso es a propósito.

Parte del día: reports/2026-09-27.md

POD FACTORY · ciclo diario 2026-09-27 [LIVE]

── revisión de la tienda ──
preflight · HK23 STUDIO (fcqevq-jr.myshopify.com)
  moneda USD ✓ · tienda con password · despacha a 43 destinos

── entrada de colecciones ──
INTAKE [LIVE] · imágenes vistas 0
  nuevas 0 · mejoras de resolución 0 · ya estaban 0 · parecidas a revisar 0 · muy chicas 0 · ilegibles 0
  biblioteca: 0 piezas · ESPERANDO CURADURÍA: 0 · en revisión: 0
  inbox vacío: deja ahí los .zip o carpetas con tus ilustraciones.

── catálogo ──
POD FACTORY · colección MidJourney
  manifiesto ........ 926
  publicables ....... 201 (keep:true + archivo local + dimensiones)
  con SEO listo ..... 201
  póster grande ..... 49 (lado corto ≥ 1800px) · resto va a sticker
  orientación ....... square 195 · vertical 4 · horizontal 2
  resoluciones ...... 1024x1024×143 · 2048x2048×46 · 1536x1536×4 · 1024x1536×3 · 4096x4096×2 · 1856x2464×1 · 1536x1024×1 · 1456x816×1
  descartados ....... noKeep 700 · noCaption 11 · noFile 0 · noSize 0 · libUncurated 0 · duplicates 14
  top 5 ............. mjx-0038(73.46) mjx-0115(73.46) mjx-0006(52.98) mjx-0008(52.98) mjx-0009(52.98)

→ /Users/hk23neo/vice-os-artifact/pod-factory/midjourney/data/catalog.json

── ola de productos ──
POD FACTORY · ola MidJourney  [LIVE]  tienda 29068711
catálogo 201 · publicados 5 · por retomar 1 · nuevas en esta ola 3

  blueprint 282 → "Matte Vertical Posters" ✓

→ mjx-0008 2048x2048 square      retomando 6ab8e8c30ec1eb9d2c08387b (publishing)… publicando… ✓ https://fcqevq-jr.myshopify.com/products/retro-painterly-vintage-golfers-scene-poster-retro-painterly-clubhouse-matte-wall-art
→ mjx-0039 2048x2048 square      creando… ✓ 6ab908d476c4b6e5020750ad · 3 medidas · US$12.69–22.1 · publicando… ✓ https://fcqevq-jr.myshopify.com/products/surreal-collage-creature-poster-mixed-media-surreal-eccentric-matte-wall-art
→ mjx-0603 2048x2048 square      creando… ✓ 6ab908eab84037e64003dc28 · 3 medidas · US$12.69–22.1 · publicando… ✓ https://fcqevq-jr.myshopify.com/products/pink-teal-synthwave-wall-decor-poster-synthwave-dreamy-matte-wall-art
→ mjx-0036 2048x2048 square      creando… ✓ 6ab908f919cdebcd370d24c1 · 3 medidas · US$12.69–22.1 · publicando… ✓ https://fcqevq-jr.myshopify.com/products/painterly-pop-tattooed-woman-portrait-poster-painterly-pop-edgy-matte-wall-art

OLA LISTA · 3 creados · 4 publicados · 0 fallos · quedan 192.
  mjx-0008 https://fcqevq-jr.myshopify.com/products/retro-painterly-vintage-golfers-scene-poster-retro-painterly-clubhouse-matte-wall-art
  mjx-0039 https://fcqevq-jr.myshopify.com/products/surreal-collage-creature-poster-mixed-media-surreal-eccentric-matte-wall-art
  mjx-0603 https://fcqevq-jr.myshopify.com/products/pink-teal-synthwave-wall-decor-poster-synthwave-dreamy-matte-wall-art
  …y 1 más en data/mj-ledger.json

── medidas ──
✓ mjx-0039 3 medidas a la venta (arte 2048x2048) → enviado a Shopify
· mjx-0603 bloqueado por Printify (sincronizando) — se retoma en la próxima corrida
· mjx-0036 bloqueado por Printify (sincronizando) — se retoma en la próxima corrida
medidas: 13 al día · 0 corregidos · 1 enviados a Shopify · 2 bloqueados · 0 sin medida posible · 0 fallos

── copy y tags ──
copy y tags: 16 al día · 0 actualizados · 0 reenviados · 0 bloqueados · 0 fallos

── cola de venta ──
daily 2026-09-27 — tope 15
leads en base 9 · candidatos nuevos con email 0
encolados ahora 0 · total en la cola de hoy 0 · saltados 1
  · saltado: Hotel Punta Brava — sin email: LeadHunter no trajo correo

→ out/outreach-2026-09-27.json
→ out/outreach-2026-09-27.md   (revisar antes de mandar nada)

Nada fue enviado. Eso es a propósito.

Parte del día: reports/2026-09-27.md

POD FACTORY · ciclo diario 2026-09-28 [LIVE]

── revisión de la tienda ──
preflight · HK23 STUDIO (fcqevq-jr.myshopify.com)
  moneda USD ✓ · tienda ABIERTA · despacha a 43 destinos

── entrada de colecciones ──
INTAKE [LIVE] · imágenes vistas 0
  nuevas 0 · mejoras de resolución 0 · ya estaban 0 · parecidas a revisar 0 · muy chicas 0 · ilegibles 0
  biblioteca: 0 piezas · ESPERANDO CURADURÍA: 0 · en revisión: 0
  inbox vacío: deja ahí los .zip o carpetas con tus ilustraciones.

── catálogo ──
POD FACTORY · colección MidJourney
  manifiesto ........ 926
  publicables ....... 201 (keep:true + archivo local + dimensiones)
  con SEO listo ..... 201
  póster grande ..... 49 (lado corto ≥ 1800px) · resto va a sticker
  orientación ....... square 195 · vertical 4 · horizontal 2
  resoluciones ...... 1024x1024×143 · 2048x2048×46 · 1536x1536×4 · 1024x1536×3 · 4096x4096×2 · 1856x2464×1 · 1536x1024×1 · 1456x816×1
  descartados ....... noKeep 700 · noCaption 11 · noFile 0 · noSize 0 · libUncurated 0 · duplicates 14
  top 5 ............. mjx-0038(73.46) mjx-0115(73.46) mjx-0006(52.98) mjx-0008(52.98) mjx-0009(52.98)

→ /Users/hk23neo/vice-os-artifact/pod-factory/midjourney/data/catalog.json

── ola de productos ──
POD FACTORY · ola MidJourney  [LIVE]  tienda 29068711
catálogo 201 · publicados 9 · por retomar 0 · nuevas en esta ola 3

file:///Users/hk23neo/vice-os-artifact/pod-factory/lib.mjs:55
      const err = new Error(`${init.method || 'GET'} ${path} → ${r.status}: ${body.slice(0, 250)}`);
                  ^

Error: GET /catalog/blueprints/1268.json → 401: {"error":"Unauthenticated","request_id":"1790597703@918e1c0e-fe63-4acd-a010-a5a2bac66653"}
    at printify (file:///Users/hk23neo/vice-os-artifact/pod-factory/lib.mjs:55:19)
    at process.processTicksAndRejections (node:internal/process/task_queues:104:5)
    at async verifyBlueprint (file:///Users/hk23neo/vice-os-artifact/pod-factory/midjourney/publish-wave.mjs:105:16)
    at async main (file:///Users/hk23neo/vice-os-artifact/pod-factory/midjourney/publish-wave.mjs:267:15)
    at async file:///Users/hk23neo/vice-os-artifact/pod-factory/midjourney/publish-wave.mjs:348:54 {
  status: 401,
  code: undefined
}

Node.js v24.15.0
! ola de productos terminó con código 1

── medidas ──
✗ mjx-0038 GET /shops/29068711/products/6ab543f15e2dad6f0a0258f4.json → 401: {"error":"Unauthenticated","request_id":"1790597703@d59447ff-a18b-4cae-b8c
✗ mjx-0115 GET /shops/29068711/products/6ab544977892aa2f3f01e592.json → 401: {"error":"Unauthenticated","request_id":"1790597704@efc2bdba-0645-4834-827
✗ mjx-0006 GET /shops/29068711/products/6ab545102ee15022d40cd221.json → 401: {"error":"Unauthenticated","request_id":"1790597704@2647fba3-14f6-4568-b20
✗ mjx-0008 GET /shops/29068711/products/6ab8e8c30ec1eb9d2c08387b.json → 401: {"error":"Unauthenticated","request_id":"1790597705@ce3f52c2-72f1-40a1-b8f
✗ mjx-0009 GET /shops/29068711/products/6ab8e98200c79df9a307af89.json → 401: {"error":"Unauthenticated","request_id":"1790597705@38c79b5b-f3b7-4c22-a87
✗ mjx-0012 GET /shops/29068711/products/6ab8e9d2580577e1990ba6db.json → 401: {"error":"Unauthenticated","request_id":"1790597705@d100e467-910b-4abf-8a9
✗ mjx-0039 GET /shops/29068711/products/6ab908d476c4b6e5020750ad.json → 401: {"error":"Unauthenticated","request_id":"1790597706@648132bd-82d8-4ddd-ace
✗ mjx-0603 GET /shops/29068711/products/6ab908eab84037e64003dc28.json → 401: {"error":"Unauthenticated","request_id":"1790597706@a6697bd3-d7ff-47d6-ac0
✗ mjx-0036 GET /shops/29068711/products/6ab908f919cdebcd370d24c1.json → 401: {"error":"Unauthenticated","request_id":"1790597706@5d569507-b4bc-49bc-ac1
✗ pow-stk-invader-coral GET /shops/29068711/products/6ab53d78b5ef3d8afd033579.json → 401: {"error":"Unauthenticated","request_id":"1790597706@9a50ba48-8ce9-4326-805
✗ pow-stk-starburst GET /shops/29068711/products/6ab53d7c85e7395b5f06d846.json → 401: {"error":"Unauthenticated","request_id":"1790597707@c7e030cd-866b-40a8-867
✗ pow-stk-invader-blue GET /shops/29068711/products/6ab53d8085e7395b5f06d849.json → 401: {"error":"Unauthenticated","request_id":"1790597707@8add27e5-01c8-4cbf-a02
✗ pow-stk-invader-bone GET /shops/29068711/products/6ab53d84870f4133580bb865.json → 401: {"error":"Unauthenticated","request_id":"1790597707@8cd398b3-3e5e-4cf6-9f7
✗ pow-stk-grid GET /shops/29068711/products/6ab53d89a40713da0b084ea9.json → 401: {"error":"Unauthenticated","request_id":"1790597708@6d8a9d60-5d0b-4479-a84
✗ pow-poster-002 GET /shops/29068711/products/6ab53d8edefb1af2250c03f9.json → 401: {"error":"Unauthenticated","request_id":"1790597708@948595d7-83c7-4ab8-8e1
✗ pow-poster-003 GET /shops/29068711/products/6ab53d94ed6a626bda04014f.json → 401: {"error":"Unauthenticated","request_id":"1790597708@d57dc022-cf25-4c40-822
medidas: 0 al día · 0 corregidos · 0 enviados a Shopify · 0 bloqueados · 0 sin medida posible · 16 fallos

── copy y tags ──
✗ pow-stk-invader-coral GET /shops/29068711/products/6ab53d78b5ef3d8afd033579.json → 401: {"error":"Unauthenticated","request_id":"1790597709@5283757e-f1ea-4f2a-b74 — se reintenta en la próxima corrida
✗ pow-stk-starburst GET /shops/29068711/products/6ab53d7c85e7395b5f06d846.json → 401: {"error":"Unauthenticated","request_id":"1790597709@6173c5b1-9e0d-4456-b2f — se reintenta en la próxima corrida
✗ pow-stk-invader-blue GET /shops/29068711/products/6ab53d8085e7395b5f06d849.json → 401: {"error":"Unauthenticated","request_id":"1790597709@e49d7e07-d153-4d69-857 — se reintenta en la próxima corrida
✗ pow-stk-invader-bone GET /shops/29068711/products/6ab53d84870f4133580bb865.json → 401: {"error":"Unauthenticated","request_id":"1790597709@d7d3962f-02fc-46d6-be9 — se reintenta en la próxima corrida
✗ pow-stk-grid GET /shops/29068711/products/6ab53d89a40713da0b084ea9.json → 401: {"error":"Unauthenticated","request_id":"1790597710@0ac6f8a7-959b-48fa-98e — se reintenta en la próxima corrida
✗ pow-poster-002 GET /shops/29068711/products/6ab53d8edefb1af2250c03f9.json → 401: {"error":"Unauthenticated","request_id":"1790597710@b7be92c8-186b-4b06-9ec — se reintenta en la próxima corrida
✗ pow-poster-003 GET /shops/29068711/products/6ab53d94ed6a626bda04014f.json → 401: {"error":"Unauthenticated","request_id":"1790597710@f36fc146-00d6-460e-847 — se reintenta en la próxima corrida
✗ mjx-0038 GET /shops/29068711/products/6ab543f15e2dad6f0a0258f4.json → 401: {"error":"Unauthenticated","request_id":"1790597711@f588791a-e7bd-4b62-b3c — se reintenta en la próxima corrida
✗ mjx-0115 GET /shops/29068711/products/6ab544977892aa2f3f01e592.json → 401: {"error":"Unauthenticated","request_id":"1790597711@cd31b2df-c986-419b-983 — se reintenta en la próxima corrida
✗ mjx-0006 GET /shops/29068711/products/6ab545102ee15022d40cd221.json → 401: {"error":"Unauthenticated","request_id":"1790597711@f48fcbc4-f381-4d90-9d6 — se reintenta en la próxima corrida
✗ mjx-0008 GET /shops/29068711/products/6ab8e8c30ec1eb9d2c08387b.json → 401: {"error":"Unauthenticated","request_id":"1790597712@ec1687df-a27c-461c-80c — se reintenta en la próxima corrida
✗ mjx-0009 GET /shops/29068711/products/6ab8e98200c79df9a307af89.json → 401: {"error":"Unauthenticated","request_id":"1790597712@85fbe80a-7869-45f5-98a — se reintenta en la próxima corrida
✗ mjx-0012 GET /shops/29068711/products/6ab8e9d2580577e1990ba6db.json → 401: {"error":"Unauthenticated","request_id":"1790597712@9f2ef870-ae9d-4e83-9ed — se reintenta en la próxima corrida
✗ mjx-0039 GET /shops/29068711/products/6ab908d476c4b6e5020750ad.json → 401: {"error":"Unauthenticated","request_id":"1790597712@c0767fba-ff44-4cbf-802 — se reintenta en la próxima corrida
✗ mjx-0603 GET /shops/29068711/products/6ab908eab84037e64003dc28.json → 401: {"error":"Unauthenticated","request_id":"1790597713@4ebc89e6-fca9-4585-b81 — se reintenta en la próxima corrida
✗ mjx-0036 GET /shops/29068711/products/6ab908f919cdebcd370d24c1.json → 401: {"error":"Unauthenticated","request_id":"1790597713@1958fb50-b3ab-4c38-aa4 — se reintenta en la próxima corrida
copy y tags: 0 al día · 0 actualizados · 0 reenviados · 0 bloqueados · 16 fallos

── cola de venta ──
daily 2026-09-28 — tope 15
leads en base 9 · candidatos nuevos con email 0
encolados ahora 0 · total en la cola de hoy 0 · saltados 1
  · saltado: Hotel Punta Brava — sin email: LeadHunter no trajo correo

→ out/outreach-2026-09-28.json
→ out/outreach-2026-09-28.md   (revisar antes de mandar nada)

Nada fue enviado. Eso es a propósito.

Parte del día: reports/2026-09-28.md

POD FACTORY · ciclo diario 2026-09-29 [LIVE]

── revisión de la tienda ──
preflight · HK23 STUDIO (fcqevq-jr.myshopify.com)
  moneda USD ✓ · tienda ABIERTA · despacha a 43 destinos

── entrada de colecciones ──
INTAKE [LIVE] · imágenes vistas 0
  nuevas 0 · mejoras de resolución 0 · ya estaban 0 · parecidas a revisar 0 · muy chicas 0 · ilegibles 0
  biblioteca: 0 piezas · ESPERANDO CURADURÍA: 0 · en revisión: 0
  inbox vacío: deja ahí los .zip o carpetas con tus ilustraciones.

── catálogo ──
POD FACTORY · colección MidJourney
  manifiesto ........ 926
  publicables ....... 201 (keep:true + archivo local + dimensiones)
  con SEO listo ..... 201
  póster grande ..... 49 (lado corto ≥ 1800px) · resto va a sticker
  orientación ....... square 195 · vertical 4 · horizontal 2
  resoluciones ...... 1024x1024×143 · 2048x2048×46 · 1536x1536×4 · 1024x1536×3 · 4096x4096×2 · 1856x2464×1 · 1536x1024×1 · 1456x816×1
  descartados ....... noKeep 700 · noCaption 11 · noFile 0 · noSize 0 · libUncurated 0 · duplicates 14
  top 5 ............. mjx-0038(73.46) mjx-0115(73.46) mjx-0006(52.98) mjx-0008(52.98) mjx-0009(52.98)

→ /Users/hk23neo/vice-os-artifact/pod-factory/midjourney/data/catalog.json

── ola de productos ──
POD FACTORY · ola MidJourney  [LIVE]  tienda 29068711
catálogo 201 · publicados 9 · por retomar 0 · nuevas en esta ola 3

file:///Users/hk23neo/vice-os-artifact/pod-factory/lib.mjs:55
      const err = new Error(`${init.method || 'GET'} ${path} → ${r.status}: ${body.slice(0, 250)}`);
                  ^

Error: GET /catalog/blueprints/1268.json → 401: {"error":"Unauthenticated","request_id":"1790684107@a5d8d04c-ab55-4b2b-991e-9bceeb892227"}
    at printify (file:///Users/hk23neo/vice-os-artifact/pod-factory/lib.mjs:55:19)
    at process.processTicksAndRejections (node:internal/process/task_queues:104:5)
    at async verifyBlueprint (file:///Users/hk23neo/vice-os-artifact/pod-factory/midjourney/publish-wave.mjs:105:16)
    at async main (file:///Users/hk23neo/vice-os-artifact/pod-factory/midjourney/publish-wave.mjs:267:15)
    at async file:///Users/hk23neo/vice-os-artifact/pod-factory/midjourney/publish-wave.mjs:348:54 {
  status: 401,
  code: undefined
}

Node.js v24.15.0
! ola de productos terminó con código 1

── medidas ──
✗ mjx-0038 GET /shops/29068711/products/6ab543f15e2dad6f0a0258f4.json → 401: {"error":"Unauthenticated","request_id":"1790684108@a6228f49-9bd9-4b64-942
✗ mjx-0115 GET /shops/29068711/products/6ab544977892aa2f3f01e592.json → 401: {"error":"Unauthenticated","request_id":"1790684109@b0bf3778-6787-4e52-bfe
✗ mjx-0006 GET /shops/29068711/products/6ab545102ee15022d40cd221.json → 401: {"error":"Unauthenticated","request_id":"1790684109@be2dc621-e403-4754-9d0
✗ mjx-0008 GET /shops/29068711/products/6ab8e8c30ec1eb9d2c08387b.json → 401: {"error":"Unauthenticated","request_id":"1790684109@36497b4f-cec6-4c2e-8be
✗ mjx-0009 GET /shops/29068711/products/6ab8e98200c79df9a307af89.json → 401: {"error":"Unauthenticated","request_id":"1790684109@3ef2d39d-8ecb-48a2-a04
✗ mjx-0012 GET /shops/29068711/products/6ab8e9d2580577e1990ba6db.json → 401: {"error":"Unauthenticated","request_id":"1790684110@4073a5f8-16be-4f32-b12
✗ mjx-0039 GET /shops/29068711/products/6ab908d476c4b6e5020750ad.json → 401: {"error":"Unauthenticated","request_id":"1790684110@7d2ab828-69fc-41e0-808
✗ mjx-0603 GET /shops/29068711/products/6ab908eab84037e64003dc28.json → 401: {"error":"Unauthenticated","request_id":"1790684110@b162e4b9-921e-4e07-9d5
✗ mjx-0036 GET /shops/29068711/products/6ab908f919cdebcd370d24c1.json → 401: {"error":"Unauthenticated","request_id":"1790684111@76a7af8e-330a-4dc3-85b
✗ pow-stk-invader-coral GET /shops/29068711/products/6ab53d78b5ef3d8afd033579.json → 401: {"error":"Unauthenticated","request_id":"1790684111@d38f0008-4ca3-47a6-bb3
✗ pow-stk-starburst GET /shops/29068711/products/6ab53d7c85e7395b5f06d846.json → 401: {"error":"Unauthenticated","request_id":"1790684111@1c318e3b-5d8d-42ba-9cc
✗ pow-stk-invader-blue GET /shops/29068711/products/6ab53d8085e7395b5f06d849.json → 401: {"error":"Unauthenticated","request_id":"1790684111@a10ca75f-21e5-4ad3-a72
✗ pow-stk-invader-bone GET /shops/29068711/products/6ab53d84870f4133580bb865.json → 401: {"error":"Unauthenticated","request_id":"1790684112@c92aa790-486c-4656-ba0
✗ pow-stk-grid GET /shops/29068711/products/6ab53d89a40713da0b084ea9.json → 401: {"error":"Unauthenticated","request_id":"1790684112@64121e82-ed13-4544-a2e
✗ pow-poster-002 GET /shops/29068711/products/6ab53d8edefb1af2250c03f9.json → 401: {"error":"Unauthenticated","request_id":"1790684112@61d2b94f-942a-4e27-823
✗ pow-poster-003 GET /shops/29068711/products/6ab53d94ed6a626bda04014f.json → 401: {"error":"Unauthenticated","request_id":"1790684113@b681ef65-1a05-41aa-b23
medidas: 0 al día · 0 corregidos · 0 enviados a Shopify · 0 bloqueados · 0 sin medida posible · 16 fallos

── copy y tags ──
✗ pow-stk-invader-coral GET /shops/29068711/products/6ab53d78b5ef3d8afd033579.json → 401: {"error":"Unauthenticated","request_id":"1790684113@518e7329-378c-4b27-98f — se reintenta en la próxima corrida
✗ pow-stk-starburst GET /shops/29068711/products/6ab53d7c85e7395b5f06d846.json → 401: {"error":"Unauthenticated","request_id":"1790684113@197aee8e-fb02-4cb7-ad0 — se reintenta en la próxima corrida
✗ pow-stk-invader-blue GET /shops/29068711/products/6ab53d8085e7395b5f06d849.json → 401: {"error":"Unauthenticated","request_id":"1790684114@2996b675-4e81-44ab-b7e — se reintenta en la próxima corrida
✗ pow-stk-invader-bone GET /shops/29068711/products/6ab53d84870f4133580bb865.json → 401: {"error":"Unauthenticated","request_id":"1790684114@88f0f6d4-b1be-4be5-a59 — se reintenta en la próxima corrida
✗ pow-stk-grid GET /shops/29068711/products/6ab53d89a40713da0b084ea9.json → 401: {"error":"Unauthenticated","request_id":"1790684114@a42c3d18-d6cb-4d47-ba5 — se reintenta en la próxima corrida
✗ pow-poster-002 GET /shops/29068711/products/6ab53d8edefb1af2250c03f9.json → 401: {"error":"Unauthenticated","request_id":"1790684114@df353ecc-b2e9-4b70-8c3 — se reintenta en la próxima corrida
✗ pow-poster-003 GET /shops/29068711/products/6ab53d94ed6a626bda04014f.json → 401: {"error":"Unauthenticated","request_id":"1790684115@5921194f-36c6-4d2e-95b — se reintenta en la próxima corrida
✗ mjx-0038 GET /shops/29068711/products/6ab543f15e2dad6f0a0258f4.json → 401: {"error":"Unauthenticated","request_id":"1790684115@2cd428c1-5332-470d-a24 — se reintenta en la próxima corrida
✗ mjx-0115 GET /shops/29068711/products/6ab544977892aa2f3f01e592.json → 401: {"error":"Unauthenticated","request_id":"1790684115@5030a0ca-299a-4346-bd8 — se reintenta en la próxima corrida
✗ mjx-0006 GET /shops/29068711/products/6ab545102ee15022d40cd221.json → 401: {"error":"Unauthenticated","request_id":"1790684116@7d617a71-0263-48d8-901 — se reintenta en la próxima corrida
✗ mjx-0008 GET /shops/29068711/products/6ab8e8c30ec1eb9d2c08387b.json → 401: {"error":"Unauthenticated","request_id":"1790684116@192ac369-6052-41d8-858 — se reintenta en la próxima corrida
✗ mjx-0009 GET /shops/29068711/products/6ab8e98200c79df9a307af89.json → 401: {"error":"Unauthenticated","request_id":"1790684116@b8754bd3-990c-41c9-a67 — se reintenta en la próxima corrida
✗ mjx-0012 GET /shops/29068711/products/6ab8e9d2580577e1990ba6db.json → 401: {"error":"Unauthenticated","request_id":"1790684116@09c265d8-b2ae-4dbf-b2b — se reintenta en la próxima corrida
✗ mjx-0039 GET /shops/29068711/products/6ab908d476c4b6e5020750ad.json → 401: {"error":"Unauthenticated","request_id":"1790684117@468d4f93-a155-4b34-acf — se reintenta en la próxima corrida
✗ mjx-0603 GET /shops/29068711/products/6ab908eab84037e64003dc28.json → 401: {"error":"Unauthenticated","request_id":"1790684117@09193f3f-ab9c-40ae-85b — se reintenta en la próxima corrida
✗ mjx-0036 GET /shops/29068711/products/6ab908f919cdebcd370d24c1.json → 401: {"error":"Unauthenticated","request_id":"1790684117@ea00579d-21f1-4283-824 — se reintenta en la próxima corrida
copy y tags: 0 al día · 0 actualizados · 0 reenviados · 0 bloqueados · 16 fallos

── cola de venta ──
daily 2026-09-29 — tope 15
leads en base 9 · candidatos nuevos con email 0
encolados ahora 0 · total en la cola de hoy 0 · saltados 1
  · saltado: Hotel Punta Brava — sin email: LeadHunter no trajo correo

→ out/outreach-2026-09-29.json
→ out/outreach-2026-09-29.md   (revisar antes de mandar nada)

Nada fue enviado. Eso es a propósito.

Parte del día: reports/2026-09-29.md

POD FACTORY · ciclo diario 2026-09-30 [LIVE]

── revisión de la tienda ──
preflight · HK23 STUDIO (fcqevq-jr.myshopify.com)
  moneda USD ✓ · tienda ABIERTA · despacha a 43 destinos

── entrada de colecciones ──
INTAKE [LIVE] · imágenes vistas 0
  nuevas 0 · mejoras de resolución 0 · ya estaban 0 · parecidas a revisar 0 · muy chicas 0 · ilegibles 0
  biblioteca: 0 piezas · ESPERANDO CURADURÍA: 0 · en revisión: 0
  inbox vacío: deja ahí los .zip o carpetas con tus ilustraciones.

── catálogo ──
POD FACTORY · colección MidJourney
  manifiesto ........ 926
  publicables ....... 201 (keep:true + archivo local + dimensiones)
  con SEO listo ..... 201
  póster grande ..... 49 (lado corto ≥ 1800px) · resto va a sticker
  orientación ....... square 195 · vertical 4 · horizontal 2
  resoluciones ...... 1024x1024×143 · 2048x2048×46 · 1536x1536×4 · 1024x1536×3 · 4096x4096×2 · 1856x2464×1 · 1536x1024×1 · 1456x816×1
  descartados ....... noKeep 700 · noCaption 11 · noFile 0 · noSize 0 · libUncurated 0 · duplicates 14
  top 5 ............. mjx-0038(73.46) mjx-0115(73.46) mjx-0006(52.98) mjx-0008(52.98) mjx-0009(52.98)

→ /Users/hk23neo/vice-os-artifact/pod-factory/midjourney/data/catalog.json

── ola de productos ──
POD FACTORY · ola MidJourney  [LIVE]  tienda 29068711
catálogo 201 · publicados 9 · por retomar 0 · nuevas en esta ola 3

file:///Users/hk23neo/vice-os-artifact/pod-factory/lib.mjs:55
      const err = new Error(`${init.method || 'GET'} ${path} → ${r.status}: ${body.slice(0, 250)}`);
                  ^

Error: GET /catalog/blueprints/1268.json → 401: {"error":"Unauthenticated","request_id":"1790770506@72386094-5095-4dce-968a-88c8117d4352"}
    at printify (file:///Users/hk23neo/vice-os-artifact/pod-factory/lib.mjs:55:19)
    at process.processTicksAndRejections (node:internal/process/task_queues:104:5)
    at async verifyBlueprint (file:///Users/hk23neo/vice-os-artifact/pod-factory/midjourney/publish-wave.mjs:105:16)
    at async main (file:///Users/hk23neo/vice-os-artifact/pod-factory/midjourney/publish-wave.mjs:267:15)
    at async file:///Users/hk23neo/vice-os-artifact/pod-factory/midjourney/publish-wave.mjs:348:54 {
  status: 401,
  code: undefined
}

Node.js v24.15.0
! ola de productos terminó con código 1

── medidas ──
✗ mjx-0038 GET /shops/29068711/products/6ab543f15e2dad6f0a0258f4.json → 401: {"error":"Unauthenticated","request_id":"1790770506@f88947db-8de3-4e8d-ae3
✗ mjx-0115 GET /shops/29068711/products/6ab544977892aa2f3f01e592.json → 401: {"error":"Unauthenticated","request_id":"1790770506@12cf8fcb-f13d-446a-979
✗ mjx-0006 GET /shops/29068711/products/6ab545102ee15022d40cd221.json → 401: {"error":"Unauthenticated","request_id":"1790770507@b4f48abf-df6a-4c94-873
✗ mjx-0008 GET /shops/29068711/products/6ab8e8c30ec1eb9d2c08387b.json → 401: {"error":"Unauthenticated","request_id":"1790770507@630e9ea2-1b63-4646-8d1
✗ mjx-0009 GET /shops/29068711/products/6ab8e98200c79df9a307af89.json → 401: {"error":"Unauthenticated","request_id":"1790770507@190896b3-39b1-4e70-934
✗ mjx-0012 GET /shops/29068711/products/6ab8e9d2580577e1990ba6db.json → 401: {"error":"Unauthenticated","request_id":"1790770508@d06f0fc3-f784-4e31-97a
✗ mjx-0039 GET /shops/29068711/products/6ab908d476c4b6e5020750ad.json → 401: {"error":"Unauthenticated","request_id":"1790770508@f809fecd-c4ac-46be-9cc
✗ mjx-0603 GET /shops/29068711/products/6ab908eab84037e64003dc28.json → 401: {"error":"Unauthenticated","request_id":"1790770508@d6e7a760-56a6-4a7b-be7
✗ mjx-0036 GET /shops/29068711/products/6ab908f919cdebcd370d24c1.json → 401: {"error":"Unauthenticated","request_id":"1790770508@2f55ae29-2429-4bce-98a
✗ pow-stk-invader-coral GET /shops/29068711/products/6ab53d78b5ef3d8afd033579.json → 401: {"error":"Unauthenticated","request_id":"1790770509@cbb82bd6-9d97-4e4b-906
✗ pow-stk-starburst GET /shops/29068711/products/6ab53d7c85e7395b5f06d846.json → 401: {"error":"Unauthenticated","request_id":"1790770509@1660d9b0-2485-4419-991
✗ pow-stk-invader-blue GET /shops/29068711/products/6ab53d8085e7395b5f06d849.json → 401: {"error":"Unauthenticated","request_id":"1790770509@f48f6c78-1d38-403c-91c
✗ pow-stk-invader-bone GET /shops/29068711/products/6ab53d84870f4133580bb865.json → 401: {"error":"Unauthenticated","request_id":"1790770510@fe77c271-0995-492f-bbb
✗ pow-stk-grid GET /shops/29068711/products/6ab53d89a40713da0b084ea9.json → 401: {"error":"Unauthenticated","request_id":"1790770510@bc78cbaa-1ac4-4479-b92
✗ pow-poster-002 GET /shops/29068711/products/6ab53d8edefb1af2250c03f9.json → 401: {"error":"Unauthenticated","request_id":"1790770510@492e4fae-d93d-4293-9fe
✗ pow-poster-003 GET /shops/29068711/products/6ab53d94ed6a626bda04014f.json → 401: {"error":"Unauthenticated","request_id":"1790770511@404b20f4-2b42-4e37-9fb
medidas: 0 al día · 0 corregidos · 0 enviados a Shopify · 0 bloqueados · 0 sin medida posible · 16 fallos

── copy y tags ──
✗ pow-stk-invader-coral GET /shops/29068711/products/6ab53d78b5ef3d8afd033579.json → 401: {"error":"Unauthenticated","request_id":"1790770511@9e5d8882-9de1-4e8d-820 — se reintenta en la próxima corrida
✗ pow-stk-starburst GET /shops/29068711/products/6ab53d7c85e7395b5f06d846.json → 401: {"error":"Unauthenticated","request_id":"1790770511@b675f6a4-6cb4-47ef-949 — se reintenta en la próxima corrida
✗ pow-stk-invader-blue GET /shops/29068711/products/6ab53d8085e7395b5f06d849.json → 401: {"error":"Unauthenticated","request_id":"1790770512@ae0b5f53-c944-43ca-b96 — se reintenta en la próxima corrida
✗ pow-stk-invader-bone GET /shops/29068711/products/6ab53d84870f4133580bb865.json → 401: {"error":"Unauthenticated","request_id":"1790770512@45348ee6-0bc2-43c7-9ca — se reintenta en la próxima corrida
✗ pow-stk-grid GET /shops/29068711/products/6ab53d89a40713da0b084ea9.json → 401: {"error":"Unauthenticated","request_id":"1790770512@4636ebc1-5f4d-43d9-955 — se reintenta en la próxima corrida
✗ pow-poster-002 GET /shops/29068711/products/6ab53d8edefb1af2250c03f9.json → 401: {"error":"Unauthenticated","request_id":"1790770513@3f544d15-dd5d-4828-811 — se reintenta en la próxima corrida
✗ pow-poster-003 GET /shops/29068711/products/6ab53d94ed6a626bda04014f.json → 401: {"error":"Unauthenticated","request_id":"1790770513@b2b8685c-b36e-43ad-b26 — se reintenta en la próxima corrida
✗ mjx-0038 GET /shops/29068711/products/6ab543f15e2dad6f0a0258f4.json → 401: {"error":"Unauthenticated","request_id":"1790770513@343d93c2-5fba-426d-bcb — se reintenta en la próxima corrida
✗ mjx-0115 GET /shops/29068711/products/6ab544977892aa2f3f01e592.json → 401: {"error":"Unauthenticated","request_id":"1790770513@cfdb42d8-0f8d-4bb1-a0b — se reintenta en la próxima corrida
✗ mjx-0006 GET /shops/29068711/products/6ab545102ee15022d40cd221.json → 401: {"error":"Unauthenticated","request_id":"1790770514@299c72f5-5bed-4048-ac6 — se reintenta en la próxima corrida
✗ mjx-0008 GET /shops/29068711/products/6ab8e8c30ec1eb9d2c08387b.json → 401: {"error":"Unauthenticated","request_id":"1790770514@ba294227-17f3-45e9-975 — se reintenta en la próxima corrida
✗ mjx-0009 GET /shops/29068711/products/6ab8e98200c79df9a307af89.json → 401: {"error":"Unauthenticated","request_id":"1790770514@e4815a90-bd61-4cf3-89d — se reintenta en la próxima corrida
✗ mjx-0012 GET /shops/29068711/products/6ab8e9d2580577e1990ba6db.json → 401: {"error":"Unauthenticated","request_id":"1790770515@fbbec1a2-f856-4104-817 — se reintenta en la próxima corrida
✗ mjx-0039 GET /shops/29068711/products/6ab908d476c4b6e5020750ad.json → 401: {"error":"Unauthenticated","request_id":"1790770515@bf6ea6ce-4acb-49c5-b65 — se reintenta en la próxima corrida
✗ mjx-0603 GET /shops/29068711/products/6ab908eab84037e64003dc28.json → 401: {"error":"Unauthenticated","request_id":"1790770515@d296e312-9c81-41b5-99d — se reintenta en la próxima corrida
✗ mjx-0036 GET /shops/29068711/products/6ab908f919cdebcd370d24c1.json → 401: {"error":"Unauthenticated","request_id":"1790770515@bed8f0b0-b9a3-4a62-ba6 — se reintenta en la próxima corrida
copy y tags: 0 al día · 0 actualizados · 0 reenviados · 0 bloqueados · 16 fallos

── cola de venta ──
daily 2026-09-30 — tope 15
leads en base 9 · candidatos nuevos con email 0
encolados ahora 0 · total en la cola de hoy 0 · saltados 1
  · saltado: Hotel Punta Brava — sin email: LeadHunter no trajo correo

→ out/outreach-2026-09-30.json
→ out/outreach-2026-09-30.md   (revisar antes de mandar nada)

Nada fue enviado. Eso es a propósito.

Parte del día: reports/2026-09-30.md

POD FACTORY · ciclo diario 2026-10-01 [LIVE]

── revisión de la tienda ──
preflight · HK23 STUDIO (fcqevq-jr.myshopify.com)
  moneda USD ✓ · tienda ABIERTA · despacha a 43 destinos

── entrada de colecciones ──
INTAKE [LIVE] · imágenes vistas 0
  nuevas 0 · mejoras de resolución 0 · ya estaban 0 · parecidas a revisar 0 · muy chicas 0 · ilegibles 0
  biblioteca: 0 piezas · ESPERANDO CURADURÍA: 0 · en revisión: 0
  inbox vacío: deja ahí los .zip o carpetas con tus ilustraciones.

── catálogo ──
POD FACTORY · colección MidJourney
  manifiesto ........ 926
  publicables ....... 201 (keep:true + archivo local + dimensiones)
  con SEO listo ..... 201
  póster grande ..... 49 (lado corto ≥ 1800px) · resto va a sticker
  orientación ....... square 195 · vertical 4 · horizontal 2
  resoluciones ...... 1024x1024×143 · 2048x2048×46 · 1536x1536×4 · 1024x1536×3 · 4096x4096×2 · 1856x2464×1 · 1536x1024×1 · 1456x816×1
  descartados ....... noKeep 700 · noCaption 11 · noFile 0 · noSize 0 · libUncurated 0 · duplicates 14
  top 5 ............. mjx-0038(73.46) mjx-0115(73.46) mjx-0006(52.98) mjx-0008(52.98) mjx-0009(52.98)

→ /Users/hk23neo/vice-os-artifact/pod-factory/midjourney/data/catalog.json

── ola de productos ──
POD FACTORY · ola MidJourney  [LIVE]  tienda 29068711
catálogo 201 · publicados 9 · por retomar 0 · nuevas en esta ola 3

file:///Users/hk23neo/vice-os-artifact/pod-factory/lib.mjs:55
      const err = new Error(`${init.method || 'GET'} ${path} → ${r.status}: ${body.slice(0, 250)}`);
                  ^

Error: GET /catalog/blueprints/1268.json → 401: {"error":"Unauthenticated","request_id":"1790856934@b193a2a7-ca54-4601-8232-2c06df9b0ac9"}
    at printify (file:///Users/hk23neo/vice-os-artifact/pod-factory/lib.mjs:55:19)
    at process.processTicksAndRejections (node:internal/process/task_queues:104:5)
    at async verifyBlueprint (file:///Users/hk23neo/vice-os-artifact/pod-factory/midjourney/publish-wave.mjs:105:16)
    at async main (file:///Users/hk23neo/vice-os-artifact/pod-factory/midjourney/publish-wave.mjs:267:15)
    at async file:///Users/hk23neo/vice-os-artifact/pod-factory/midjourney/publish-wave.mjs:348:54 {
  status: 401,
  code: undefined
}

Node.js v24.15.0
! ola de productos terminó con código 1

── medidas ──
✗ mjx-0038 GET /shops/29068711/products/6ab543f15e2dad6f0a0258f4.json → 401: {"error":"Unauthenticated","request_id":"1790856935@ec5121b8-79c0-4b9a-b65
✗ mjx-0115 GET /shops/29068711/products/6ab544977892aa2f3f01e592.json → 401: {"error":"Unauthenticated","request_id":"1790856935@af76e394-27d2-4a06-972
✗ mjx-0006 GET /shops/29068711/products/6ab545102ee15022d40cd221.json → 401: {"error":"Unauthenticated","request_id":"1790856935@38acde07-edda-47c6-adb
✗ mjx-0008 GET /shops/29068711/products/6ab8e8c30ec1eb9d2c08387b.json → 401: {"error":"Unauthenticated","request_id":"1790856936@4a2aaa10-e40a-40d1-939
✗ mjx-0009 GET /shops/29068711/products/6ab8e98200c79df9a307af89.json → 401: {"error":"Unauthenticated","request_id":"1790856936@ae06c70a-d927-48a1-b78
✗ mjx-0012 GET /shops/29068711/products/6ab8e9d2580577e1990ba6db.json → 401: {"error":"Unauthenticated","request_id":"1790856936@f2666c78-ddaa-4bf5-97c
✗ mjx-0039 GET /shops/29068711/products/6ab908d476c4b6e5020750ad.json → 401: {"error":"Unauthenticated","request_id":"1790856937@ea391da3-5faa-4e43-8c6
✗ mjx-0603 GET /shops/29068711/products/6ab908eab84037e64003dc28.json → 401: {"error":"Unauthenticated","request_id":"1790856937@73b96631-b68d-47ce-a9a
✗ mjx-0036 GET /shops/29068711/products/6ab908f919cdebcd370d24c1.json → 401: {"error":"Unauthenticated","request_id":"1790856937@90cd45ba-2c99-49f1-884
✗ pow-stk-invader-coral GET /shops/29068711/products/6ab53d78b5ef3d8afd033579.json → 401: {"error":"Unauthenticated","request_id":"1790856937@11357c74-7a3a-497e-9b9
✗ pow-stk-starburst GET /shops/29068711/products/6ab53d7c85e7395b5f06d846.json → 401: {"error":"Unauthenticated","request_id":"1790856938@62ab6b17-f1d5-4920-b1a
✗ pow-stk-invader-blue GET /shops/29068711/products/6ab53d8085e7395b5f06d849.json → 401: {"error":"Unauthenticated","request_id":"1790856938@31531e46-f9ee-40fc-a65
✗ pow-stk-invader-bone GET /shops/29068711/products/6ab53d84870f4133580bb865.json → 401: {"error":"Unauthenticated","request_id":"1790856939@ec5f429b-587e-4697-8c3
✗ pow-stk-grid GET /shops/29068711/products/6ab53d89a40713da0b084ea9.json → 401: {"error":"Unauthenticated","request_id":"1790856939@d3f31c9e-4618-48fc-950
✗ pow-poster-002 GET /shops/29068711/products/6ab53d8edefb1af2250c03f9.json → 401: {"error":"Unauthenticated","request_id":"1790856939@619eb39f-7a3e-4234-bb0
✗ pow-poster-003 GET /shops/29068711/products/6ab53d94ed6a626bda04014f.json → 401: {"error":"Unauthenticated","request_id":"1790856939@2dcdbb4d-cad9-487e-94f
medidas: 0 al día · 0 corregidos · 0 enviados a Shopify · 0 bloqueados · 0 sin medida posible · 16 fallos

── copy y tags ──
✗ pow-stk-invader-coral GET /shops/29068711/products/6ab53d78b5ef3d8afd033579.json → 401: {"error":"Unauthenticated","request_id":"1790856940@92196a12-560c-4719-be6 — se reintenta en la próxima corrida
✗ pow-stk-starburst GET /shops/29068711/products/6ab53d7c85e7395b5f06d846.json → 401: {"error":"Unauthenticated","request_id":"1790856940@5210941e-7bdf-44c6-85f — se reintenta en la próxima corrida
✗ pow-stk-invader-blue GET /shops/29068711/products/6ab53d8085e7395b5f06d849.json → 401: {"error":"Unauthenticated","request_id":"1790856940@255588f6-3dd7-4e0b-98b — se reintenta en la próxima corrida
✗ pow-stk-invader-bone GET /shops/29068711/products/6ab53d84870f4133580bb865.json → 401: {"error":"Unauthenticated","request_id":"1790856941@383d92e3-193d-4f89-a63 — se reintenta en la próxima corrida
✗ pow-stk-grid GET /shops/29068711/products/6ab53d89a40713da0b084ea9.json → 401: {"error":"Unauthenticated","request_id":"1790856941@345e2889-d549-4766-a44 — se reintenta en la próxima corrida
✗ pow-poster-002 GET /shops/29068711/products/6ab53d8edefb1af2250c03f9.json → 401: {"error":"Unauthenticated","request_id":"1790856941@8b2a57ae-6e21-4f66-bc9 — se reintenta en la próxima corrida
✗ pow-poster-003 GET /shops/29068711/products/6ab53d94ed6a626bda04014f.json → 401: {"error":"Unauthenticated","request_id":"1790856942@498c0770-8348-4e08-953 — se reintenta en la próxima corrida
✗ mjx-0038 GET /shops/29068711/products/6ab543f15e2dad6f0a0258f4.json → 401: {"error":"Unauthenticated","request_id":"1790856942@dcc9d644-731c-4fdc-83d — se reintenta en la próxima corrida
✗ mjx-0115 GET /shops/29068711/products/6ab544977892aa2f3f01e592.json → 401: {"error":"Unauthenticated","request_id":"1790856942@0d5bd619-b04c-4e46-98a — se reintenta en la próxima corrida
✗ mjx-0006 GET /shops/29068711/products/6ab545102ee15022d40cd221.json → 401: {"error":"Unauthenticated","request_id":"1790856942@0914a241-6e3a-4547-ab7 — se reintenta en la próxima corrida
✗ mjx-0008 GET /shops/29068711/products/6ab8e8c30ec1eb9d2c08387b.json → 401: {"error":"Unauthenticated","request_id":"1790856943@ff3a6489-9b51-4529-a36 — se reintenta en la próxima corrida
✗ mjx-0009 GET /shops/29068711/products/6ab8e98200c79df9a307af89.json → 401: {"error":"Unauthenticated","request_id":"1790856943@6eba259b-7f33-4461-b1c — se reintenta en la próxima corrida
✗ mjx-0012 GET /shops/29068711/products/6ab8e9d2580577e1990ba6db.json → 401: {"error":"Unauthenticated","request_id":"1790856943@315cc494-0216-4072-8df — se reintenta en la próxima corrida
✗ mjx-0039 GET /shops/29068711/products/6ab908d476c4b6e5020750ad.json → 401: {"error":"Unauthenticated","request_id":"1790856943@0c5dbc16-3fb1-450c-ab2 — se reintenta en la próxima corrida
✗ mjx-0603 GET /shops/29068711/products/6ab908eab84037e64003dc28.json → 401: {"error":"Unauthenticated","request_id":"1790856944@1c34b57b-bdb6-40ca-ab2 — se reintenta en la próxima corrida
✗ mjx-0036 GET /shops/29068711/products/6ab908f919cdebcd370d24c1.json → 401: {"error":"Unauthenticated","request_id":"1790856944@e39d6054-52a2-474e-9c7 — se reintenta en la próxima corrida
copy y tags: 0 al día · 0 actualizados · 0 reenviados · 0 bloqueados · 16 fallos

── cola de venta ──
daily 2026-10-01 — tope 15
leads en base 9 · candidatos nuevos con email 0
encolados ahora 0 · total en la cola de hoy 0 · saltados 1
  · saltado: Hotel Punta Brava — sin email: LeadHunter no trajo correo

→ out/outreach-2026-10-01.json
→ out/outreach-2026-10-01.md   (revisar antes de mandar nada)

Nada fue enviado. Eso es a propósito.

Parte del día: reports/2026-10-01.md

POD FACTORY · ciclo diario 2026-10-02 [LIVE]

── revisión de la tienda ──
preflight · HK23 STUDIO (fcqevq-jr.myshopify.com)
  moneda USD ✓ · tienda ABIERTA · despacha a 43 destinos

── entrada de colecciones ──
INTAKE [LIVE] · imágenes vistas 0
  nuevas 0 · mejoras de resolución 0 · ya estaban 0 · parecidas a revisar 0 · muy chicas 0 · ilegibles 0
  biblioteca: 0 piezas · ESPERANDO CURADURÍA: 0 · en revisión: 0
  inbox vacío: deja ahí los .zip o carpetas con tus ilustraciones.

── catálogo ──
POD FACTORY · colección MidJourney
  manifiesto ........ 926
  publicables ....... 201 (keep:true + archivo local + dimensiones)
  con SEO listo ..... 201
  póster grande ..... 49 (lado corto ≥ 1800px) · resto va a sticker
  orientación ....... square 195 · vertical 4 · horizontal 2
  resoluciones ...... 1024x1024×143 · 2048x2048×46 · 1536x1536×4 · 1024x1536×3 · 4096x4096×2 · 1856x2464×1 · 1536x1024×1 · 1456x816×1
  descartados ....... noKeep 700 · noCaption 11 · noFile 0 · noSize 0 · libUncurated 0 · duplicates 14
  top 5 ............. mjx-0038(73.46) mjx-0115(73.46) mjx-0006(52.98) mjx-0008(52.98) mjx-0009(52.98)

→ /Users/hk23neo/vice-os-artifact/pod-factory/midjourney/data/catalog.json

── ola de productos ──
POD FACTORY · ola MidJourney  [LIVE]  tienda 29068711
catálogo 201 · publicados 9 · por retomar 0 · nuevas en esta ola 3

file:///Users/hk23neo/vice-os-artifact/pod-factory/lib.mjs:55
      const err = new Error(`${init.method || 'GET'} ${path} → ${r.status}: ${body.slice(0, 250)}`);
                  ^

Error: GET /catalog/blueprints/1268.json → 401: {"error":"Unauthenticated","request_id":"1790943307@c9692ba4-bdb4-4544-bb34-298a7ec1302a"}
    at printify (file:///Users/hk23neo/vice-os-artifact/pod-factory/lib.mjs:55:19)
    at process.processTicksAndRejections (node:internal/process/task_queues:104:5)
    at async verifyBlueprint (file:///Users/hk23neo/vice-os-artifact/pod-factory/midjourney/publish-wave.mjs:105:16)
    at async main (file:///Users/hk23neo/vice-os-artifact/pod-factory/midjourney/publish-wave.mjs:267:15)
    at async file:///Users/hk23neo/vice-os-artifact/pod-factory/midjourney/publish-wave.mjs:348:54 {
  status: 401,
  code: undefined
}

Node.js v24.15.0
! ola de productos terminó con código 1

── medidas ──
✗ mjx-0038 GET /shops/29068711/products/6ab543f15e2dad6f0a0258f4.json → 401: {"error":"Unauthenticated","request_id":"1790943307@5a415f85-a3ce-4459-90c
✗ mjx-0115 GET /shops/29068711/products/6ab544977892aa2f3f01e592.json → 401: {"error":"Unauthenticated","request_id":"1790943308@7355c759-b8a4-466f-a99
✗ mjx-0006 GET /shops/29068711/products/6ab545102ee15022d40cd221.json → 401: {"error":"Unauthenticated","request_id":"1790943308@cc4546ec-daef-4104-aa9
✗ mjx-0008 GET /shops/29068711/products/6ab8e8c30ec1eb9d2c08387b.json → 401: {"error":"Unauthenticated","request_id":"1790943308@4d92f786-884a-4406-9d1
✗ mjx-0009 GET /shops/29068711/products/6ab8e98200c79df9a307af89.json → 401: {"error":"Unauthenticated","request_id":"1790943309@27ea9e53-5606-4fa7-99f
✗ mjx-0012 GET /shops/29068711/products/6ab8e9d2580577e1990ba6db.json → 401: {"error":"Unauthenticated","request_id":"1790943309@15306522-8534-490a-a21
✗ mjx-0039 GET /shops/29068711/products/6ab908d476c4b6e5020750ad.json → 401: {"error":"Unauthenticated","request_id":"1790943309@b99fff95-4f3f-490c-9e7
✗ mjx-0603 GET /shops/29068711/products/6ab908eab84037e64003dc28.json → 401: {"error":"Unauthenticated","request_id":"1790943309@0b438bdb-1d42-46df-af7
✗ mjx-0036 GET /shops/29068711/products/6ab908f919cdebcd370d24c1.json → 401: {"error":"Unauthenticated","request_id":"1790943310@278d23d9-a0ef-49df-ab4
✗ pow-stk-invader-coral GET /shops/29068711/products/6ab53d78b5ef3d8afd033579.json → 401: {"error":"Unauthenticated","request_id":"1790943310@a91aa5af-b7ff-4f0e-a5c
✗ pow-stk-starburst GET /shops/29068711/products/6ab53d7c85e7395b5f06d846.json → 401: {"error":"Unauthenticated","request_id":"1790943310@a1fb0e87-b7ea-4878-9cc
✗ pow-stk-invader-blue GET /shops/29068711/products/6ab53d8085e7395b5f06d849.json → 401: {"error":"Unauthenticated","request_id":"1790943311@f788fef9-4d5f-402f-bfe
✗ pow-stk-invader-bone GET /shops/29068711/products/6ab53d84870f4133580bb865.json → 401: {"error":"Unauthenticated","request_id":"1790943311@d04699cc-7473-460a-8eb
✗ pow-stk-grid GET /shops/29068711/products/6ab53d89a40713da0b084ea9.json → 401: {"error":"Unauthenticated","request_id":"1790943311@52059553-67a9-4288-8ce
✗ pow-poster-002 GET /shops/29068711/products/6ab53d8edefb1af2250c03f9.json → 401: {"error":"Unauthenticated","request_id":"1790943311@10ab104f-371c-4593-808
✗ pow-poster-003 GET /shops/29068711/products/6ab53d94ed6a626bda04014f.json → 401: {"error":"Unauthenticated","request_id":"1790943312@d5fa71eb-0fb7-4558-a65
medidas: 0 al día · 0 corregidos · 0 enviados a Shopify · 0 bloqueados · 0 sin medida posible · 16 fallos

── copy y tags ──
✗ pow-stk-invader-coral GET /shops/29068711/products/6ab53d78b5ef3d8afd033579.json → 401: {"error":"Unauthenticated","request_id":"1790943312@e19239c8-6e42-4f2c-937 — se reintenta en la próxima corrida
✗ pow-stk-starburst GET /shops/29068711/products/6ab53d7c85e7395b5f06d846.json → 401: {"error":"Unauthenticated","request_id":"1790943312@7eb5c04d-066d-4ed7-831 — se reintenta en la próxima corrida
✗ pow-stk-invader-blue GET /shops/29068711/products/6ab53d8085e7395b5f06d849.json → 401: {"error":"Unauthenticated","request_id":"1790943313@0b8611ab-7bf6-43ab-90f — se reintenta en la próxima corrida
✗ pow-stk-invader-bone GET /shops/29068711/products/6ab53d84870f4133580bb865.json → 401: {"error":"Unauthenticated","request_id":"1790943313@738a19ca-9972-454d-91a — se reintenta en la próxima corrida
✗ pow-stk-grid GET /shops/29068711/products/6ab53d89a40713da0b084ea9.json → 401: {"error":"Unauthenticated","request_id":"1790943313@056ef319-9782-4766-abf — se reintenta en la próxima corrida
✗ pow-poster-002 GET /shops/29068711/products/6ab53d8edefb1af2250c03f9.json → 401: {"error":"Unauthenticated","request_id":"1790943314@af1e3270-dba3-4b7f-8db — se reintenta en la próxima corrida
✗ pow-poster-003 GET /shops/29068711/products/6ab53d94ed6a626bda04014f.json → 401: {"error":"Unauthenticated","request_id":"1790943314@d80a5e40-f3ab-4dd9-838 — se reintenta en la próxima corrida
✗ mjx-0038 GET /shops/29068711/products/6ab543f15e2dad6f0a0258f4.json → 401: {"error":"Unauthenticated","request_id":"1790943314@b03d2b12-5635-4cd3-83f — se reintenta en la próxima corrida
✗ mjx-0115 GET /shops/29068711/products/6ab544977892aa2f3f01e592.json → 401: {"error":"Unauthenticated","request_id":"1790943314@e4978392-e874-466b-892 — se reintenta en la próxima corrida
✗ mjx-0006 GET /shops/29068711/products/6ab545102ee15022d40cd221.json → 401: {"error":"Unauthenticated","request_id":"1790943315@d8d29a31-60cd-4fd1-b26 — se reintenta en la próxima corrida
✗ mjx-0008 GET /shops/29068711/products/6ab8e8c30ec1eb9d2c08387b.json → 401: {"error":"Unauthenticated","request_id":"1790943315@302c93e5-5619-4240-985 — se reintenta en la próxima corrida
✗ mjx-0009 GET /shops/29068711/products/6ab8e98200c79df9a307af89.json → 401: {"error":"Unauthenticated","request_id":"1790943316@cbc15c2e-f0de-483c-998 — se reintenta en la próxima corrida
✗ mjx-0012 GET /shops/29068711/products/6ab8e9d2580577e1990ba6db.json → 401: {"error":"Unauthenticated","request_id":"1790943316@4da63ca8-32b1-4e8e-b9c — se reintenta en la próxima corrida
✗ mjx-0039 GET /shops/29068711/products/6ab908d476c4b6e5020750ad.json → 401: {"error":"Unauthenticated","request_id":"1790943316@577dd2b3-ee4f-45bf-8d4 — se reintenta en la próxima corrida
✗ mjx-0603 GET /shops/29068711/products/6ab908eab84037e64003dc28.json → 401: {"error":"Unauthenticated","request_id":"1790943316@9b7a0712-5b11-4fa7-b6f — se reintenta en la próxima corrida
✗ mjx-0036 GET /shops/29068711/products/6ab908f919cdebcd370d24c1.json → 401: {"error":"Unauthenticated","request_id":"1790943317@6673b982-5653-4b52-9e0 — se reintenta en la próxima corrida
copy y tags: 0 al día · 0 actualizados · 0 reenviados · 0 bloqueados · 16 fallos

── cola de venta ──
daily 2026-10-02 — tope 15
leads en base 9 · candidatos nuevos con email 0
encolados ahora 0 · total en la cola de hoy 0 · saltados 1
  · saltado: Hotel Punta Brava — sin email: LeadHunter no trajo correo

→ out/outreach-2026-10-02.json
→ out/outreach-2026-10-02.md   (revisar antes de mandar nada)

Nada fue enviado. Eso es a propósito.

Parte del día: reports/2026-10-02.md

POD FACTORY · ciclo diario 2026-10-03 [LIVE]

── revisión de la tienda ──
preflight · HK23 STUDIO (fcqevq-jr.myshopify.com)
  moneda USD ✓ · tienda ABIERTA · despacha a 43 destinos

── entrada de colecciones ──
INTAKE [LIVE] · imágenes vistas 0
  nuevas 0 · mejoras de resolución 0 · ya estaban 0 · parecidas a revisar 0 · muy chicas 0 · ilegibles 0
  biblioteca: 0 piezas · ESPERANDO CURADURÍA: 0 · en revisión: 0
  inbox vacío: deja ahí los .zip o carpetas con tus ilustraciones.

── catálogo ──
POD FACTORY · colección MidJourney
  manifiesto ........ 926
  publicables ....... 201 (keep:true + archivo local + dimensiones)
  con SEO listo ..... 201
  póster grande ..... 49 (lado corto ≥ 1800px) · resto va a sticker
  orientación ....... square 195 · vertical 4 · horizontal 2
  resoluciones ...... 1024x1024×143 · 2048x2048×46 · 1536x1536×4 · 1024x1536×3 · 4096x4096×2 · 1856x2464×1 · 1536x1024×1 · 1456x816×1
  descartados ....... noKeep 700 · noCaption 11 · noFile 0 · noSize 0 · libUncurated 0 · duplicates 14
  top 5 ............. mjx-0038(73.46) mjx-0115(73.46) mjx-0006(52.98) mjx-0008(52.98) mjx-0009(52.98)

→ /Users/hk23neo/vice-os-artifact/pod-factory/midjourney/data/catalog.json

── ola de productos ──
POD FACTORY · ola MidJourney  [LIVE]  tienda 29068711
catálogo 201 · publicados 9 · por retomar 0 · nuevas en esta ola 3

file:///Users/hk23neo/vice-os-artifact/pod-factory/lib.mjs:55
      const err = new Error(`${init.method || 'GET'} ${path} → ${r.status}: ${body.slice(0, 250)}`);
                  ^

Error: GET /catalog/blueprints/1268.json → 401: {"error":"Unauthenticated","request_id":"1791029847@12741c29-408f-4861-a01e-3744c32b6a2a"}
    at printify (file:///Users/hk23neo/vice-os-artifact/pod-factory/lib.mjs:55:19)
    at process.processTicksAndRejections (node:internal/process/task_queues:104:5)
    at async verifyBlueprint (file:///Users/hk23neo/vice-os-artifact/pod-factory/midjourney/publish-wave.mjs:105:16)
    at async main (file:///Users/hk23neo/vice-os-artifact/pod-factory/midjourney/publish-wave.mjs:267:15)
    at async file:///Users/hk23neo/vice-os-artifact/pod-factory/midjourney/publish-wave.mjs:348:54 {
  status: 401,
  code: undefined
}

Node.js v24.15.0
! ola de productos terminó con código 1

── medidas ──
✗ mjx-0038 GET /shops/29068711/products/6ab543f15e2dad6f0a0258f4.json → 401: {"error":"Unauthenticated","request_id":"1791029848@4a5ae11f-93c4-4ac9-bb0
✗ mjx-0115 GET /shops/29068711/products/6ab544977892aa2f3f01e592.json → 401: {"error":"Unauthenticated","request_id":"1791029848@7115a1e3-beee-4630-8b3
✗ mjx-0006 GET /shops/29068711/products/6ab545102ee15022d40cd221.json → 401: {"error":"Unauthenticated","request_id":"1791029849@2dfe83d5-3601-422d-a7e
✗ mjx-0008 GET /shops/29068711/products/6ab8e8c30ec1eb9d2c08387b.json → 401: {"error":"Unauthenticated","request_id":"1791029849@7370524c-7f23-4292-bbb
✗ mjx-0009 GET /shops/29068711/products/6ab8e98200c79df9a307af89.json → 401: {"error":"Unauthenticated","request_id":"1791029849@481cfbca-f3b2-4139-ac6
✗ mjx-0012 GET /shops/29068711/products/6ab8e9d2580577e1990ba6db.json → 401: {"error":"Unauthenticated","request_id":"1791029849@6b5fc4f4-64aa-4b47-b50
✗ mjx-0039 GET /shops/29068711/products/6ab908d476c4b6e5020750ad.json → 401: {"error":"Unauthenticated","request_id":"1791029850@c0acc6e2-8aa4-4000-87f
✗ mjx-0603 GET /shops/29068711/products/6ab908eab84037e64003dc28.json → 401: {"error":"Unauthenticated","request_id":"1791029850@fbda5c90-ac23-4314-bf1
✗ mjx-0036 GET /shops/29068711/products/6ab908f919cdebcd370d24c1.json → 401: {"error":"Unauthenticated","request_id":"1791029850@a1b6de8c-73c5-46de-a7f
✗ pow-stk-invader-coral GET /shops/29068711/products/6ab53d78b5ef3d8afd033579.json → 401: {"error":"Unauthenticated","request_id":"1791029851@0530759c-0fd0-47f1-9a5
✗ pow-stk-starburst GET /shops/29068711/products/6ab53d7c85e7395b5f06d846.json → 401: {"error":"Unauthenticated","request_id":"1791029851@ab11783a-435a-461b-b2f
✗ pow-stk-invader-blue GET /shops/29068711/products/6ab53d8085e7395b5f06d849.json → 401: {"error":"Unauthenticated","request_id":"1791029851@f8ab2b4c-591b-4c70-9da
✗ pow-stk-invader-bone GET /shops/29068711/products/6ab53d84870f4133580bb865.json → 401: {"error":"Unauthenticated","request_id":"1791029851@dfabb518-73d8-4a30-a46
✗ pow-stk-grid GET /shops/29068711/products/6ab53d89a40713da0b084ea9.json → 401: {"error":"Unauthenticated","request_id":"1791029852@c92f7392-4688-4c78-8d4
✗ pow-poster-002 GET /shops/29068711/products/6ab53d8edefb1af2250c03f9.json → 401: {"error":"Unauthenticated","request_id":"1791029852@0fd091a0-46a6-4e53-900
✗ pow-poster-003 GET /shops/29068711/products/6ab53d94ed6a626bda04014f.json → 401: {"error":"Unauthenticated","request_id":"1791029852@af36f2f1-16e6-4519-af1
medidas: 0 al día · 0 corregidos · 0 enviados a Shopify · 0 bloqueados · 0 sin medida posible · 16 fallos

── copy y tags ──
✗ pow-stk-invader-coral GET /shops/29068711/products/6ab53d78b5ef3d8afd033579.json → 401: {"error":"Unauthenticated","request_id":"1791029853@eceb71d9-71af-4f03-be9 — se reintenta en la próxima corrida
✗ pow-stk-starburst GET /shops/29068711/products/6ab53d7c85e7395b5f06d846.json → 401: {"error":"Unauthenticated","request_id":"1791029853@958d3816-9149-4658-836 — se reintenta en la próxima corrida
✗ pow-stk-invader-blue GET /shops/29068711/products/6ab53d8085e7395b5f06d849.json → 401: {"error":"Unauthenticated","request_id":"1791029853@9847dac9-adee-47ad-927 — se reintenta en la próxima corrida
✗ pow-stk-invader-bone GET /shops/29068711/products/6ab53d84870f4133580bb865.json → 401: {"error":"Unauthenticated","request_id":"1791029854@07e67a78-6108-4547-bd8 — se reintenta en la próxima corrida
✗ pow-stk-grid GET /shops/29068711/products/6ab53d89a40713da0b084ea9.json → 401: {"error":"Unauthenticated","request_id":"1791029854@b4d61047-36ab-4f2a-94b — se reintenta en la próxima corrida
✗ pow-poster-002 GET /shops/29068711/products/6ab53d8edefb1af2250c03f9.json → 401: {"error":"Unauthenticated","request_id":"1791029854@2a090d2a-f554-47ed-bb0 — se reintenta en la próxima corrida
✗ pow-poster-003 GET /shops/29068711/products/6ab53d94ed6a626bda04014f.json → 401: {"error":"Unauthenticated","request_id":"1791029855@a5e34385-5f32-4e9d-896 — se reintenta en la próxima corrida
✗ mjx-0038 GET /shops/29068711/products/6ab543f15e2dad6f0a0258f4.json → 401: {"error":"Unauthenticated","request_id":"1791029855@2db48d38-915c-435f-906 — se reintenta en la próxima corrida
✗ mjx-0115 GET /shops/29068711/products/6ab544977892aa2f3f01e592.json → 401: {"error":"Unauthenticated","request_id":"1791029855@2daf1b1c-822b-48de-9f2 — se reintenta en la próxima corrida
✗ mjx-0006 GET /shops/29068711/products/6ab545102ee15022d40cd221.json → 401: {"error":"Unauthenticated","request_id":"1791029856@8f0b5ed3-2aeb-4411-8a9 — se reintenta en la próxima corrida
✗ mjx-0008 GET /shops/29068711/products/6ab8e8c30ec1eb9d2c08387b.json → 401: {"error":"Unauthenticated","request_id":"1791029856@6a5abaa0-6f75-4923-b7f — se reintenta en la próxima corrida
✗ mjx-0009 GET /shops/29068711/products/6ab8e98200c79df9a307af89.json → 401: {"error":"Unauthenticated","request_id":"1791029856@c58e9b17-e4f4-43fe-964 — se reintenta en la próxima corrida
✗ mjx-0012 GET /shops/29068711/products/6ab8e9d2580577e1990ba6db.json → 401: {"error":"Unauthenticated","request_id":"1791029857@568334eb-c93f-4d76-8e3 — se reintenta en la próxima corrida
✗ mjx-0039 GET /shops/29068711/products/6ab908d476c4b6e5020750ad.json → 401: {"error":"Unauthenticated","request_id":"1791029857@a2534be5-ea13-4dfa-90d — se reintenta en la próxima corrida
✗ mjx-0603 GET /shops/29068711/products/6ab908eab84037e64003dc28.json → 401: {"error":"Unauthenticated","request_id":"1791029857@51ae4dbd-ba02-46c8-96a — se reintenta en la próxima corrida
✗ mjx-0036 GET /shops/29068711/products/6ab908f919cdebcd370d24c1.json → 401: {"error":"Unauthenticated","request_id":"1791029858@b75dd100-bf08-4a2f-9eb — se reintenta en la próxima corrida
copy y tags: 0 al día · 0 actualizados · 0 reenviados · 0 bloqueados · 16 fallos

── cola de venta ──
daily 2026-10-03 — tope 15
leads en base 9 · candidatos nuevos con email 0
encolados ahora 0 · total en la cola de hoy 0 · saltados 1
  · saltado: Hotel Punta Brava — sin email: LeadHunter no trajo correo

→ out/outreach-2026-10-03.json
→ out/outreach-2026-10-03.md   (revisar antes de mandar nada)

Nada fue enviado. Eso es a propósito.

Parte del día: reports/2026-10-03.md

POD FACTORY · ciclo diario 2026-10-04 [LIVE]

── revisión de la tienda ──
preflight · HK23 STUDIO (fcqevq-jr.myshopify.com)
  moneda USD ✓ · tienda ABIERTA · despacha a 43 destinos

── entrada de colecciones ──
INTAKE [LIVE] · imágenes vistas 0
  nuevas 0 · mejoras de resolución 0 · ya estaban 0 · parecidas a revisar 0 · muy chicas 0 · ilegibles 0
  biblioteca: 0 piezas · ESPERANDO CURADURÍA: 0 · en revisión: 0
  inbox vacío: deja ahí los .zip o carpetas con tus ilustraciones.

── catálogo ──
POD FACTORY · colección MidJourney
  manifiesto ........ 926
  publicables ....... 201 (keep:true + archivo local + dimensiones)
  con SEO listo ..... 201
  póster grande ..... 49 (lado corto ≥ 1800px) · resto va a sticker
  orientación ....... square 195 · vertical 4 · horizontal 2
  resoluciones ...... 1024x1024×143 · 2048x2048×46 · 1536x1536×4 · 1024x1536×3 · 4096x4096×2 · 1856x2464×1 · 1536x1024×1 · 1456x816×1
  descartados ....... noKeep 700 · noCaption 11 · noFile 0 · noSize 0 · libUncurated 0 · duplicates 14
  top 5 ............. mjx-0038(73.46) mjx-0115(73.46) mjx-0006(52.98) mjx-0008(52.98) mjx-0009(52.98)

→ /Users/hk23neo/vice-os-artifact/pod-factory/midjourney/data/catalog.json

── ola de productos ──
POD FACTORY · ola MidJourney  [LIVE]  tienda 29068711
catálogo 201 · publicados 9 · por retomar 0 · nuevas en esta ola 3

file:///Users/hk23neo/vice-os-artifact/pod-factory/lib.mjs:55
      const err = new Error(`${init.method || 'GET'} ${path} → ${r.status}: ${body.slice(0, 250)}`);
                  ^

Error: GET /catalog/blueprints/1268.json → 401: {"error":"Unauthenticated","request_id":"1791116161@1eaa24f5-2ccd-43e3-ae7c-2d9122894583"}
    at printify (file:///Users/hk23neo/vice-os-artifact/pod-factory/lib.mjs:55:19)
    at process.processTicksAndRejections (node:internal/process/task_queues:104:5)
    at async verifyBlueprint (file:///Users/hk23neo/vice-os-artifact/pod-factory/midjourney/publish-wave.mjs:105:16)
    at async main (file:///Users/hk23neo/vice-os-artifact/pod-factory/midjourney/publish-wave.mjs:267:15)
    at async file:///Users/hk23neo/vice-os-artifact/pod-factory/midjourney/publish-wave.mjs:348:54 {
  status: 401,
  code: undefined
}

Node.js v24.15.0
! ola de productos terminó con código 1

── medidas ──
✗ mjx-0038 GET /shops/29068711/products/6ab543f15e2dad6f0a0258f4.json → 401: {"error":"Unauthenticated","request_id":"1791116161@5f4ec292-926e-4f98-9f4
✗ mjx-0115 GET /shops/29068711/products/6ab544977892aa2f3f01e592.json → 401: {"error":"Unauthenticated","request_id":"1791116162@24e8383f-c42b-4942-9d6
✗ mjx-0006 GET /shops/29068711/products/6ab545102ee15022d40cd221.json → 401: {"error":"Unauthenticated","request_id":"1791116162@b220365d-296f-4189-83e
✗ mjx-0008 GET /shops/29068711/products/6ab8e8c30ec1eb9d2c08387b.json → 401: {"error":"Unauthenticated","request_id":"1791116163@495e190a-6076-49fd-abc
✗ mjx-0009 GET /shops/29068711/products/6ab8e98200c79df9a307af89.json → 401: {"error":"Unauthenticated","request_id":"1791116163@3671b523-c9b4-4998-86f
✗ mjx-0012 GET /shops/29068711/products/6ab8e9d2580577e1990ba6db.json → 401: {"error":"Unauthenticated","request_id":"1791116163@56939867-15a1-4894-9e8
✗ mjx-0039 GET /shops/29068711/products/6ab908d476c4b6e5020750ad.json → 401: {"error":"Unauthenticated","request_id":"1791116164@5d3a0219-a281-42d5-a09
✗ mjx-0603 GET /shops/29068711/products/6ab908eab84037e64003dc28.json → 401: {"error":"Unauthenticated","request_id":"1791116164@35ef4f86-926e-4e41-afa
✗ mjx-0036 GET /shops/29068711/products/6ab908f919cdebcd370d24c1.json → 401: {"error":"Unauthenticated","request_id":"1791116164@60291ab2-9136-4256-8a5
✗ pow-stk-invader-coral GET /shops/29068711/products/6ab53d78b5ef3d8afd033579.json → 401: {"error":"Unauthenticated","request_id":"1791116165@3f0987ba-7575-4103-800
✗ pow-stk-starburst GET /shops/29068711/products/6ab53d7c85e7395b5f06d846.json → 401: {"error":"Unauthenticated","request_id":"1791116165@0268e4ec-c407-4701-a19
✗ pow-stk-invader-blue GET /shops/29068711/products/6ab53d8085e7395b5f06d849.json → 401: {"error":"Unauthenticated","request_id":"1791116165@32c76146-6dbd-4b09-abc
✗ pow-stk-invader-bone GET /shops/29068711/products/6ab53d84870f4133580bb865.json → 401: {"error":"Unauthenticated","request_id":"1791116166@d4b0909b-5e45-4fc6-9f0
✗ pow-stk-grid GET /shops/29068711/products/6ab53d89a40713da0b084ea9.json → 401: {"error":"Unauthenticated","request_id":"1791116166@b05325f9-4587-4c7f-a3b
✗ pow-poster-002 GET /shops/29068711/products/6ab53d8edefb1af2250c03f9.json → 401: {"error":"Unauthenticated","request_id":"1791116166@9c7e0d63-d29e-4972-a7f
✗ pow-poster-003 GET /shops/29068711/products/6ab53d94ed6a626bda04014f.json → 401: {"error":"Unauthenticated","request_id":"1791116167@64caef95-a18c-4b33-a85
medidas: 0 al día · 0 corregidos · 0 enviados a Shopify · 0 bloqueados · 0 sin medida posible · 16 fallos

── copy y tags ──
✗ pow-stk-invader-coral GET /shops/29068711/products/6ab53d78b5ef3d8afd033579.json → 401: {"error":"Unauthenticated","request_id":"1791116167@43967e41-f4fd-43d1-929 — se reintenta en la próxima corrida
✗ pow-stk-starburst GET /shops/29068711/products/6ab53d7c85e7395b5f06d846.json → 401: {"error":"Unauthenticated","request_id":"1791116168@ffdd5a1e-87f2-4df2-9b9 — se reintenta en la próxima corrida
✗ pow-stk-invader-blue GET /shops/29068711/products/6ab53d8085e7395b5f06d849.json → 401: {"error":"Unauthenticated","request_id":"1791116168@4291c166-ca2d-422f-a6b — se reintenta en la próxima corrida
✗ pow-stk-invader-bone GET /shops/29068711/products/6ab53d84870f4133580bb865.json → 401: {"error":"Unauthenticated","request_id":"1791116168@a58dad16-6abc-4c0e-b75 — se reintenta en la próxima corrida
✗ pow-stk-grid GET /shops/29068711/products/6ab53d89a40713da0b084ea9.json → 401: {"error":"Unauthenticated","request_id":"1791116168@4b04b8d7-ed00-49ec-9e0 — se reintenta en la próxima corrida
✗ pow-poster-002 GET /shops/29068711/products/6ab53d8edefb1af2250c03f9.json → 401: {"error":"Unauthenticated","request_id":"1791116169@b8be06b8-4cb3-41c5-845 — se reintenta en la próxima corrida
✗ pow-poster-003 GET /shops/29068711/products/6ab53d94ed6a626bda04014f.json → 401: {"error":"Unauthenticated","request_id":"1791116169@3be30811-9293-4fd4-b5f — se reintenta en la próxima corrida
✗ mjx-0038 GET /shops/29068711/products/6ab543f15e2dad6f0a0258f4.json → 401: {"error":"Unauthenticated","request_id":"1791116169@1092ec17-5b66-4580-b6e — se reintenta en la próxima corrida
✗ mjx-0115 GET /shops/29068711/products/6ab544977892aa2f3f01e592.json → 401: {"error":"Unauthenticated","request_id":"1791116170@fafbeb2e-42df-4124-927 — se reintenta en la próxima corrida
✗ mjx-0006 GET /shops/29068711/products/6ab545102ee15022d40cd221.json → 401: {"error":"Unauthenticated","request_id":"1791116170@23da73fb-70d4-4a0e-b97 — se reintenta en la próxima corrida
✗ mjx-0008 GET /shops/29068711/products/6ab8e8c30ec1eb9d2c08387b.json → 401: {"error":"Unauthenticated","request_id":"1791116170@07ec6ab4-022c-4617-a4b — se reintenta en la próxima corrida
✗ mjx-0009 GET /shops/29068711/products/6ab8e98200c79df9a307af89.json → 401: {"error":"Unauthenticated","request_id":"1791116170@da17e191-cf16-48b8-932 — se reintenta en la próxima corrida
✗ mjx-0012 GET /shops/29068711/products/6ab8e9d2580577e1990ba6db.json → 401: {"error":"Unauthenticated","request_id":"1791116171@8e8f4263-03bc-43df-8d4 — se reintenta en la próxima corrida
✗ mjx-0039 GET /shops/29068711/products/6ab908d476c4b6e5020750ad.json → 401: {"error":"Unauthenticated","request_id":"1791116171@e8fa78ed-cd8c-4749-986 — se reintenta en la próxima corrida
✗ mjx-0603 GET /shops/29068711/products/6ab908eab84037e64003dc28.json → 401: {"error":"Unauthenticated","request_id":"1791116172@19d89a4f-5c2b-4fdd-b8f — se reintenta en la próxima corrida
✗ mjx-0036 GET /shops/29068711/products/6ab908f919cdebcd370d24c1.json → 401: {"error":"Unauthenticated","request_id":"1791116172@d1201a28-5dc6-4470-85a — se reintenta en la próxima corrida
copy y tags: 0 al día · 0 actualizados · 0 reenviados · 0 bloqueados · 16 fallos

── cola de venta ──
daily 2026-10-04 — tope 15
leads en base 9 · candidatos nuevos con email 0
encolados ahora 0 · total en la cola de hoy 0 · saltados 1
  · saltado: Hotel Punta Brava — sin email: LeadHunter no trajo correo

→ out/outreach-2026-10-04.json
→ out/outreach-2026-10-04.md   (revisar antes de mandar nada)

Nada fue enviado. Eso es a propósito.

Parte del día: reports/2026-10-04.md

POD FACTORY · ciclo diario 2026-10-05 [LIVE]

── revisión de la tienda ──
preflight · HK23 STUDIO (fcqevq-jr.myshopify.com)
  moneda USD ✓ · tienda ABIERTA · despacha a 43 destinos

── entrada de colecciones ──
INTAKE [LIVE] · imágenes vistas 0
  nuevas 0 · mejoras de resolución 0 · ya estaban 0 · parecidas a revisar 0 · muy chicas 0 · ilegibles 0
  biblioteca: 0 piezas · ESPERANDO CURADURÍA: 0 · en revisión: 0
  inbox vacío: deja ahí los .zip o carpetas con tus ilustraciones.

── catálogo ──
POD FACTORY · colección MidJourney
  manifiesto ........ 926
  publicables ....... 201 (keep:true + archivo local + dimensiones)
  con SEO listo ..... 201
  póster grande ..... 49 (lado corto ≥ 1800px) · resto va a sticker
  orientación ....... square 195 · vertical 4 · horizontal 2
  resoluciones ...... 1024x1024×143 · 2048x2048×46 · 1536x1536×4 · 1024x1536×3 · 4096x4096×2 · 1856x2464×1 · 1536x1024×1 · 1456x816×1
  descartados ....... noKeep 700 · noCaption 11 · noFile 0 · noSize 0 · libUncurated 0 · duplicates 14
  top 5 ............. mjx-0038(73.46) mjx-0115(73.46) mjx-0006(52.98) mjx-0008(52.98) mjx-0009(52.98)

→ /Users/hk23neo/vice-os-artifact/pod-factory/midjourney/data/catalog.json

── ola de productos ──
POD FACTORY · ola MidJourney  [LIVE]  tienda 29068711
catálogo 201 · publicados 9 · por retomar 0 · nuevas en esta ola 3

file:///Users/hk23neo/vice-os-artifact/pod-factory/lib.mjs:55
      const err = new Error(`${init.method || 'GET'} ${path} → ${r.status}: ${body.slice(0, 250)}`);
                  ^

Error: GET /catalog/blueprints/1268.json → 401: {"error":"Unauthenticated","request_id":"1791222858@207e7acc-b659-48e7-a3b4-edde3f0418c7"}
    at printify (file:///Users/hk23neo/vice-os-artifact/pod-factory/lib.mjs:55:19)
    at process.processTicksAndRejections (node:internal/process/task_queues:104:5)
    at async verifyBlueprint (file:///Users/hk23neo/vice-os-artifact/pod-factory/midjourney/publish-wave.mjs:105:16)
    at async main (file:///Users/hk23neo/vice-os-artifact/pod-factory/midjourney/publish-wave.mjs:267:15)
    at async file:///Users/hk23neo/vice-os-artifact/pod-factory/midjourney/publish-wave.mjs:348:54 {
  status: 401,
  code: undefined
}

Node.js v24.15.0
! ola de productos terminó con código 1

── medidas ──
✗ mjx-0038 GET /shops/29068711/products/6ab543f15e2dad6f0a0258f4.json → 401: {"error":"Unauthenticated","request_id":"1791222859@4fc65b5f-a8be-47a0-b19
✗ mjx-0115 GET /shops/29068711/products/6ab544977892aa2f3f01e592.json → 401: {"error":"Unauthenticated","request_id":"1791222859@a1bc8892-6877-4d86-877
✗ mjx-0006 GET /shops/29068711/products/6ab545102ee15022d40cd221.json → 401: {"error":"Unauthenticated","request_id":"1791222860@1c7abc60-bdd8-4e0b-8f6
✗ mjx-0008 GET /shops/29068711/products/6ab8e8c30ec1eb9d2c08387b.json → 401: {"error":"Unauthenticated","request_id":"1791222860@2575784a-60ab-4c04-b6e
✗ mjx-0009 GET /shops/29068711/products/6ab8e98200c79df9a307af89.json → 401: {"error":"Unauthenticated","request_id":"1791222860@c0213780-c09d-4884-88e
✗ mjx-0012 GET /shops/29068711/products/6ab8e9d2580577e1990ba6db.json → 401: {"error":"Unauthenticated","request_id":"1791222861@6b21cd0c-4231-444d-a95
✗ mjx-0039 GET /shops/29068711/products/6ab908d476c4b6e5020750ad.json → 401: {"error":"Unauthenticated","request_id":"1791222861@b0843459-f9cf-4ae8-a29
✗ mjx-0603 GET /shops/29068711/products/6ab908eab84037e64003dc28.json → 401: {"error":"Unauthenticated","request_id":"1791222861@f06dd1ca-866f-4634-b32
✗ mjx-0036 GET /shops/29068711/products/6ab908f919cdebcd370d24c1.json → 401: {"error":"Unauthenticated","request_id":"1791222861@bfeeaa08-511c-4d03-a5c
✗ pow-stk-invader-coral GET /shops/29068711/products/6ab53d78b5ef3d8afd033579.json → 401: {"error":"Unauthenticated","request_id":"1791222862@dcb6adb1-f313-4032-ac3
✗ pow-stk-starburst GET /shops/29068711/products/6ab53d7c85e7395b5f06d846.json → 401: {"error":"Unauthenticated","request_id":"1791222862@a839fd39-067a-4188-a97
✗ pow-stk-invader-blue GET /shops/29068711/products/6ab53d8085e7395b5f06d849.json → 401: {"error":"Unauthenticated","request_id":"1791222862@db1d66ed-8669-4a4d-bff
✗ pow-stk-invader-bone GET /shops/29068711/products/6ab53d84870f4133580bb865.json → 401: {"error":"Unauthenticated","request_id":"1791222863@5f17e587-9e45-4386-a78
✗ pow-stk-grid GET /shops/29068711/products/6ab53d89a40713da0b084ea9.json → 401: {"error":"Unauthenticated","request_id":"1791222863@ee9a3aa7-c9fa-4ac0-831
✗ pow-poster-002 GET /shops/29068711/products/6ab53d8edefb1af2250c03f9.json → 401: {"error":"Unauthenticated","request_id":"1791222863@71411448-c18f-423a-97d
✗ pow-poster-003 GET /shops/29068711/products/6ab53d94ed6a626bda04014f.json → 401: {"error":"Unauthenticated","request_id":"1791222863@879706ac-bd20-4fc8-a85
medidas: 0 al día · 0 corregidos · 0 enviados a Shopify · 0 bloqueados · 0 sin medida posible · 16 fallos

── copy y tags ──
✗ pow-stk-invader-coral GET /shops/29068711/products/6ab53d78b5ef3d8afd033579.json → 401: {"error":"Unauthenticated","request_id":"1791222864@e1be7ff2-8c36-4501-aed — se reintenta en la próxima corrida
✗ pow-stk-starburst GET /shops/29068711/products/6ab53d7c85e7395b5f06d846.json → 401: {"error":"Unauthenticated","request_id":"1791222864@16fa78dc-c58b-4d0b-963 — se reintenta en la próxima corrida
✗ pow-stk-invader-blue GET /shops/29068711/products/6ab53d8085e7395b5f06d849.json → 401: {"error":"Unauthenticated","request_id":"1791222865@b5948e8f-2751-4750-afc — se reintenta en la próxima corrida
✗ pow-stk-invader-bone GET /shops/29068711/products/6ab53d84870f4133580bb865.json → 401: {"error":"Unauthenticated","request_id":"1791222865@52165894-28fb-4731-8e2 — se reintenta en la próxima corrida
✗ pow-stk-grid GET /shops/29068711/products/6ab53d89a40713da0b084ea9.json → 401: {"error":"Unauthenticated","request_id":"1791222865@2bd5686e-3097-467d-ad6 — se reintenta en la próxima corrida
✗ pow-poster-002 GET /shops/29068711/products/6ab53d8edefb1af2250c03f9.json → 401: {"error":"Unauthenticated","request_id":"1791222866@717693c3-b151-40c1-9ce — se reintenta en la próxima corrida
✗ pow-poster-003 GET /shops/29068711/products/6ab53d94ed6a626bda04014f.json → 401: {"error":"Unauthenticated","request_id":"1791222866@d7f715ea-9ded-41c8-815 — se reintenta en la próxima corrida
✗ mjx-0038 GET /shops/29068711/products/6ab543f15e2dad6f0a0258f4.json → 401: {"error":"Unauthenticated","request_id":"1791222866@694a31cb-ff0b-4384-8e5 — se reintenta en la próxima corrida
✗ mjx-0115 GET /shops/29068711/products/6ab544977892aa2f3f01e592.json → 401: {"error":"Unauthenticated","request_id":"1791222867@8cd48099-d6b8-4e4f-b20 — se reintenta en la próxima corrida
✗ mjx-0006 GET /shops/29068711/products/6ab545102ee15022d40cd221.json → 401: {"error":"Unauthenticated","request_id":"1791222867@5cb83e92-7f03-41f6-bd2 — se reintenta en la próxima corrida
✗ mjx-0008 GET /shops/29068711/products/6ab8e8c30ec1eb9d2c08387b.json → 401: {"error":"Unauthenticated","request_id":"1791222867@e42d1480-4331-4b14-b7c — se reintenta en la próxima corrida
✗ mjx-0009 GET /shops/29068711/products/6ab8e98200c79df9a307af89.json → 401: {"error":"Unauthenticated","request_id":"1791222867@7f3b5d50-f798-4abf-b46 — se reintenta en la próxima corrida
✗ mjx-0012 GET /shops/29068711/products/6ab8e9d2580577e1990ba6db.json → 401: {"error":"Unauthenticated","request_id":"1791222868@dbb26c92-b22c-48de-9ef — se reintenta en la próxima corrida
✗ mjx-0039 GET /shops/29068711/products/6ab908d476c4b6e5020750ad.json → 401: {"error":"Unauthenticated","request_id":"1791222868@5899f3d2-0582-4b54-bbc — se reintenta en la próxima corrida
✗ mjx-0603 GET /shops/29068711/products/6ab908eab84037e64003dc28.json → 401: {"error":"Unauthenticated","request_id":"1791222868@ed6120e9-93e3-48f6-89d — se reintenta en la próxima corrida
✗ mjx-0036 GET /shops/29068711/products/6ab908f919cdebcd370d24c1.json → 401: {"error":"Unauthenticated","request_id":"1791222869@76fb6f25-5f90-4c8f-800 — se reintenta en la próxima corrida
copy y tags: 0 al día · 0 actualizados · 0 reenviados · 0 bloqueados · 16 fallos

── cola de venta ──
daily 2026-10-05 — tope 15
leads en base 9 · candidatos nuevos con email 0
encolados ahora 0 · total en la cola de hoy 0 · saltados 1
  · saltado: Hotel Punta Brava — sin email: LeadHunter no trajo correo

→ out/outreach-2026-10-05.json
→ out/outreach-2026-10-05.md   (revisar antes de mandar nada)

Nada fue enviado. Eso es a propósito.

Parte del día: reports/2026-10-05.md

POD FACTORY · ciclo diario 2026-10-06 [LIVE]

── revisión de la tienda ──
preflight · HK23 STUDIO (fcqevq-jr.myshopify.com)
  moneda USD ✓ · tienda ABIERTA · despacha a 43 destinos

── entrada de colecciones ──
INTAKE [LIVE] · imágenes vistas 0
  nuevas 0 · mejoras de resolución 0 · ya estaban 0 · parecidas a revisar 0 · muy chicas 0 · ilegibles 0
  biblioteca: 0 piezas · ESPERANDO CURADURÍA: 0 · en revisión: 0
  inbox vacío: deja ahí los .zip o carpetas con tus ilustraciones.

── catálogo ──
POD FACTORY · colección MidJourney
  manifiesto ........ 926
  publicables ....... 201 (keep:true + archivo local + dimensiones)
  con SEO listo ..... 201
  póster grande ..... 49 (lado corto ≥ 1800px) · resto va a sticker
  orientación ....... square 195 · vertical 4 · horizontal 2
  resoluciones ...... 1024x1024×143 · 2048x2048×46 · 1536x1536×4 · 1024x1536×3 · 4096x4096×2 · 1856x2464×1 · 1536x1024×1 · 1456x816×1
  descartados ....... noKeep 700 · noCaption 11 · noFile 0 · noSize 0 · libUncurated 0 · duplicates 14
  top 5 ............. mjx-0038(73.46) mjx-0115(73.46) mjx-0006(52.98) mjx-0008(52.98) mjx-0009(52.98)

→ /Users/hk23neo/vice-os-artifact/pod-factory/midjourney/data/catalog.json

── ola de productos ──
POD FACTORY · ola MidJourney  [LIVE]  tienda 29068711
catálogo 201 · publicados 9 · por retomar 0 · nuevas en esta ola 3

file:///Users/hk23neo/vice-os-artifact/pod-factory/lib.mjs:55
      const err = new Error(`${init.method || 'GET'} ${path} → ${r.status}: ${body.slice(0, 250)}`);
                  ^

Error: GET /catalog/blueprints/1268.json → 401: {"error":"Unauthenticated","request_id":"1791288907@abf857e5-bae9-4009-a08a-0ba44a4a2b2c"}
    at printify (file:///Users/hk23neo/vice-os-artifact/pod-factory/lib.mjs:55:19)
    at process.processTicksAndRejections (node:internal/process/task_queues:104:5)
    at async verifyBlueprint (file:///Users/hk23neo/vice-os-artifact/pod-factory/midjourney/publish-wave.mjs:105:16)
    at async main (file:///Users/hk23neo/vice-os-artifact/pod-factory/midjourney/publish-wave.mjs:267:15)
    at async file:///Users/hk23neo/vice-os-artifact/pod-factory/midjourney/publish-wave.mjs:348:54 {
  status: 401,
  code: undefined
}

Node.js v24.15.0
! ola de productos terminó con código 1

── medidas ──
✗ mjx-0038 GET /shops/29068711/products/6ab543f15e2dad6f0a0258f4.json → 401: {"error":"Unauthenticated","request_id":"1791288909@2640f897-8c92-4500-b77
✗ mjx-0115 GET /shops/29068711/products/6ab544977892aa2f3f01e592.json → 401: {"error":"Unauthenticated","request_id":"1791288909@ef601c82-118c-4984-939
✗ mjx-0006 GET /shops/29068711/products/6ab545102ee15022d40cd221.json → 401: {"error":"Unauthenticated","request_id":"1791288910@4c7baf08-24d9-43d5-b37
✗ mjx-0008 GET /shops/29068711/products/6ab8e8c30ec1eb9d2c08387b.json → 401: {"error":"Unauthenticated","request_id":"1791288910@9d1539e1-ffa2-4ee1-bf6
✗ mjx-0009 GET /shops/29068711/products/6ab8e98200c79df9a307af89.json → 401: {"error":"Unauthenticated","request_id":"1791288911@df1fdbc2-27c6-4b6a-9b9
✗ mjx-0012 GET /shops/29068711/products/6ab8e9d2580577e1990ba6db.json → 401: {"error":"Unauthenticated","request_id":"1791288911@4577dfdf-6b67-46e9-ad5
✗ mjx-0039 GET /shops/29068711/products/6ab908d476c4b6e5020750ad.json → 401: {"error":"Unauthenticated","request_id":"1791288911@643e1aef-fcb0-44e3-892
✗ mjx-0603 GET /shops/29068711/products/6ab908eab84037e64003dc28.json → 401: {"error":"Unauthenticated","request_id":"1791288912@d485bc30-85cc-49a5-a6f
✗ mjx-0036 GET /shops/29068711/products/6ab908f919cdebcd370d24c1.json → 401: {"error":"Unauthenticated","request_id":"1791288912@672969da-ae15-458e-972
✗ pow-stk-invader-coral GET /shops/29068711/products/6ab53d78b5ef3d8afd033579.json → 401: {"error":"Unauthenticated","request_id":"1791288912@cf88735e-7062-43b7-96d
✗ pow-stk-starburst GET /shops/29068711/products/6ab53d7c85e7395b5f06d846.json → 401: {"error":"Unauthenticated","request_id":"1791288913@f271f923-f668-4da1-b8d
✗ pow-stk-invader-blue GET /shops/29068711/products/6ab53d8085e7395b5f06d849.json → 401: {"error":"Unauthenticated","request_id":"1791288913@4d263c09-c516-49cd-b53
✗ pow-stk-invader-bone GET /shops/29068711/products/6ab53d84870f4133580bb865.json → 401: {"error":"Unauthenticated","request_id":"1791288914@399c11d1-6f53-4a03-88b
✗ pow-stk-grid GET /shops/29068711/products/6ab53d89a40713da0b084ea9.json → 401: {"error":"Unauthenticated","request_id":"1791288914@f6bbfcd0-de43-4a30-963
✗ pow-poster-002 GET /shops/29068711/products/6ab53d8edefb1af2250c03f9.json → 401: {"error":"Unauthenticated","request_id":"1791288915@ed0af67b-da34-4466-998
✗ pow-poster-003 GET /shops/29068711/products/6ab53d94ed6a626bda04014f.json → 401: {"error":"Unauthenticated","request_id":"1791288915@eb34f50b-8ca9-4761-ab5
medidas: 0 al día · 0 corregidos · 0 enviados a Shopify · 0 bloqueados · 0 sin medida posible · 16 fallos

── copy y tags ──
✗ pow-stk-invader-coral GET /shops/29068711/products/6ab53d78b5ef3d8afd033579.json → 401: {"error":"Unauthenticated","request_id":"1791288916@d0f76844-9ac6-47da-80a — se reintenta en la próxima corrida
✗ pow-stk-starburst GET /shops/29068711/products/6ab53d7c85e7395b5f06d846.json → 401: {"error":"Unauthenticated","request_id":"1791288916@95b7cde4-f856-4590-a5b — se reintenta en la próxima corrida
✗ pow-stk-invader-blue GET /shops/29068711/products/6ab53d8085e7395b5f06d849.json → 401: {"error":"Unauthenticated","request_id":"1791288917@313a1f26-0de8-498d-a9e — se reintenta en la próxima corrida
✗ pow-stk-invader-bone GET /shops/29068711/products/6ab53d84870f4133580bb865.json → 401: {"error":"Unauthenticated","request_id":"1791288917@c99241a9-6c21-4791-824 — se reintenta en la próxima corrida
✗ pow-stk-grid GET /shops/29068711/products/6ab53d89a40713da0b084ea9.json → 401: {"error":"Unauthenticated","request_id":"1791288917@40aec0f3-0b68-491a-96e — se reintenta en la próxima corrida
✗ pow-poster-002 GET /shops/29068711/products/6ab53d8edefb1af2250c03f9.json → 401: {"error":"Unauthenticated","request_id":"1791288918@420d15b5-ed98-4a84-b1f — se reintenta en la próxima corrida
✗ pow-poster-003 GET /shops/29068711/products/6ab53d94ed6a626bda04014f.json → 401: {"error":"Unauthenticated","request_id":"1791288918@c80f237a-c405-4949-87b — se reintenta en la próxima corrida
✗ mjx-0038 GET /shops/29068711/products/6ab543f15e2dad6f0a0258f4.json → 401: {"error":"Unauthenticated","request_id":"1791288918@a8536233-210b-46a1-99c — se reintenta en la próxima corrida
✗ mjx-0115 GET /shops/29068711/products/6ab544977892aa2f3f01e592.json → 401: {"error":"Unauthenticated","request_id":"1791288919@747e0ae6-211b-4fcf-a35 — se reintenta en la próxima corrida
✗ mjx-0006 GET /shops/29068711/products/6ab545102ee15022d40cd221.json → 401: {"error":"Unauthenticated","request_id":"1791288919@0f06418f-73bc-422b-905 — se reintenta en la próxima corrida
✗ mjx-0008 GET /shops/29068711/products/6ab8e8c30ec1eb9d2c08387b.json → 401: {"error":"Unauthenticated","request_id":"1791288919@88a15153-6b89-4b1f-bbe — se reintenta en la próxima corrida
✗ mjx-0009 GET /shops/29068711/products/6ab8e98200c79df9a307af89.json → 401: {"error":"Unauthenticated","request_id":"1791288920@08553e18-74f8-4cbd-a04 — se reintenta en la próxima corrida
✗ mjx-0012 GET /shops/29068711/products/6ab8e9d2580577e1990ba6db.json → 401: {"error":"Unauthenticated","request_id":"1791288920@e6f48032-d6d7-4a00-acd — se reintenta en la próxima corrida
✗ mjx-0039 GET /shops/29068711/products/6ab908d476c4b6e5020750ad.json → 401: {"error":"Unauthenticated","request_id":"1791288920@533e0e21-1434-4d65-a3c — se reintenta en la próxima corrida
✗ mjx-0603 GET /shops/29068711/products/6ab908eab84037e64003dc28.json → 401: {"error":"Unauthenticated","request_id":"1791288921@1682fba3-6717-485a-8f4 — se reintenta en la próxima corrida
✗ mjx-0036 GET /shops/29068711/products/6ab908f919cdebcd370d24c1.json → 401: {"error":"Unauthenticated","request_id":"1791288921@fca188f4-9950-4dcf-870 — se reintenta en la próxima corrida
copy y tags: 0 al día · 0 actualizados · 0 reenviados · 0 bloqueados · 16 fallos

── cola de venta ──
daily 2026-10-06 — tope 15
leads en base 9 · candidatos nuevos con email 0
encolados ahora 0 · total en la cola de hoy 0 · saltados 1
  · saltado: Hotel Punta Brava — sin email: LeadHunter no trajo correo

→ out/outreach-2026-10-06.json
→ out/outreach-2026-10-06.md   (revisar antes de mandar nada)

Nada fue enviado. Eso es a propósito.

Parte del día: reports/2026-10-06.md
